========================================================
== dumpstate: 2016-12-30 07:40:29
========================================================

Build: JZO54K
Build fingerprint: 'Xiaomi/mione_plus/mione_plus:4.1.2/JZO54K/JMACNBL18.0:user/release-keys'
Bootloader: unknown
Radio: msm
Network: (unknown)
Kernel: Linux version 3.4.0-perf-g1ccebb5-00148-g5f2009a (builder@taishan) (gcc version 4.6.x-google 20120106 (prerelease) (GCC) ) #1 SMP PREEMPT Fri Dec 27 16:52:36 CST 2013
Command line: console=ttyHSL0,115200,n8 androidboot.hardware=qcom kgsl.mmutype=gpummu vmalloc=400M androidboot.emmc=true androidboot.serialno=e0701a52 syspart=system  androidboot.baseband=msm

------ UPTIME (uptime) ------
up time: 21:24:58, idle time: 13:50:42, sleep time: 14:16:10
[uptime: 0.1s elapsed]

------ MEMORY INFO (/proc/meminfo) ------
MemTotal:         768108 kB
MemFree:           73812 kB
Buffers:           12916 kB
Cached:           201568 kB
SwapCached:            0 kB
Active:           488160 kB
Inactive:          99332 kB
Active(anon):     374596 kB
Inactive(anon):      404 kB
Active(file):     113564 kB
Inactive(file):    98928 kB
Unevictable:        1512 kB
Mlocked:               0 kB
HighTotal:        423936 kB
HighFree:          18780 kB
LowTotal:         344172 kB
LowFree:           55032 kB
SwapTotal:             0 kB
SwapFree:              0 kB
Dirty:               492 kB
Writeback:             0 kB
AnonPages:        374492 kB
Mapped:           100316 kB
Shmem:               456 kB
Slab:              24144 kB
SReclaimable:      10724 kB
SUnreclaim:        13420 kB
KernelStack:        6336 kB
PageTables:        11408 kB
NFS_Unstable:          0 kB
Bounce:                0 kB
WritebackTmp:          0 kB
CommitLimit:      384052 kB
Committed_AS:    7630760 kB
VmallocTotal:     401408 kB
VmallocUsed:       48640 kB
VmallocChunk:     186372 kB

------ CPU INFO (top -n 1 -d 1 -m 30 -t) ------



User 5%, System 7%, IOW 0%, IRQ 0%
User 14 + Nice 0 + Sys 17 + Idle 204 + IOW 0 + IRQ 0 + SIRQ 0 = 235

  PID   TID PR CPU% S     VSS     RSS PCY UID      Thread          Proc
16135 16135  1  10% R   1324K    728K     root     top             top
  927  7506  1   0% S 542472K  92544K  fg system   WebViewCoreThre com.android.settings
  644   705  0   0% S 581868K  63992K  fg system   AlarmManager    system_server
  861   861  1   0% S 470236K  35864K  fg u0_a24   e.security.miui com.lbe.security.miui
  769   769  1   0% S      0K      0K     root     dhd_dpc         
  141   141  1   0% S    936K    364K     system   servicemanager  /system/bin/servicemanager
16005 16005  1   0% S      0K      0K     root     kworker/1:0     
  895  7457  1   0% S 480840K  43016K  fg u0_a51   Connection Cont com.xiaomi.xmsf
  895  7787  0   0% S 480840K  43016K  fg u0_a51   Binder_3        com.xiaomi.xmsf
  883   883  0   0% S 510568K  62852K  fg u0_a15   droid.deskclock com.android.deskclock
  927  7519  0   0% S 542472K  92544K  fg system   WebViewCoreThre com.android.settings
15978 15978  0   0% S      0K      0K     root     kworker/0:2     
  644   681  1   0% S 581868K  63992K  fg system   ActivityManager system_server
16025 16025  0   0% S      0K      0K     root     kworker/u:1     
   20    20  1   0% S      0K      0K     root     a2mp            
   22    22  1   0% S      0K      0K     root     cfg80211        
   23    23  1   0% S      0K      0K     root     modem_notifier  
   24    24  1   0% S      0K      0K     root     smd_channel_clo 
   25    25  1   0% S      0K      0K     root     smsm_cb_wq      
   27    27  1   0% S      0K      0K     root     rpcrouter       
   28    28  1   0% S      0K      0K     root     reset_device    
   29    29  1   0% S      0K      0K     root     apr_driver      
   30    30  1   0% S      0K      0K     root     rmt_storage     
   31    31  1   0% S      0K      0K     root     kswapd0         
   32    32  1   0% S      0K      0K     root     fsnotify_mark   
   33    33  1   0% S      0K      0K     root     cifsiod         
   34    34  1   0% S      0K      0K     root     crypto          
   48    48  1   0% S      0K      0K     root     mdp_dma_wq      
   49    49  1   0% S      0K      0K     root     mdp_vsync_wq    
   50    50  1   0% S      0K      0K     root     mdp_pipe_ctrl_w 
[top: 1.5s elapsed]

------ PROCRANK (procrank) ------
  PID      Vss      Rss      Pss      Uss  cmdline
  927   92736K   92544K   53009K   50064K  com.android.settings
 1039   78324K   78236K   37054K   33192K  android.process.acore
  776   75208K   69876K   31868K   29640K  com.android.systemui
  909   70340K   66964K   28922K   26792K  com.miui.home
  644   64024K   63992K   27689K   25468K  system_server
  883   62976K   62852K   25494K   23608K  com.android.deskclock
  836   56072K   55972K   21217K   19560K  com.baidu.input_mi
 3321   55512K   55368K   19971K   16932K  com.miui.networkassistant
  945   53460K   53400K   18691K   17128K  com.lbe.security.miui:service
15079   52584K   52496K   16339K   14492K  com.android.mms
  822   54176K   54032K   16316K   14416K  android.process.media
 9108   48768K   48644K   14823K   13132K  com.xiaomi.channel
15420   45512K   45412K   11245K    9616K  com.xiaomi.gamecenter
 9087   46112K   46004K   11157K    9644K  com.xiaomi.market
  846   42808K   42676K    9535K    8192K  com.android.phone
  895   43068K   43016K    8880K    7416K  com.xiaomi.xmsf
16090   40864K   40732K    8331K    6964K  com.android.settings:remote
 1064   41744K   41684K    8266K    6744K  com.miui.securitycenter
16070   39792K   39672K    7646K    6540K  com.android.thememanager
 1096   39872K   39740K    7514K    6396K  com.cleanmaster.sdk
  972   39804K   39684K    7422K    6208K  com.baidu.map.location
  148   28540K   12020K    6629K    6136K  /system/bin/surfaceflinger
15784   38704K   38568K    6485K    5364K  com.miui.weather2:weatherservice
 1281   18452K   18384K    5722K    4792K  lbesec.loader
 1017   38064K   37976K    5718K    4552K  com.baidu.map.location:remote
 1148   37708K   37560K    5379K    4300K  com.miui.providers.weather
 1205   36116K   35968K    4370K    3236K  com.android.defcontainer
  151    8360K    8188K    4350K    4184K  /system/bin/mediaserver
  149   41692K   41524K    4327K    1836K  zygote
  861   35952K   35864K    4295K    3112K  com.lbe.security.miui
 1456   35988K   35844K    4223K    3104K  com.qualcomm.wiper
15622   35740K   35592K    4099K    2996K  com.android.quicksearchbox
15473   35360K   35212K    3991K    2892K  com.android.musicfx
15593   35296K   35144K    3915K    2844K  com.miui.guardprovider:remote
 1009   35396K   35248K    3913K    2836K  com.android.smspush
  147    3036K    3036K    2370K    2292K  /system/bin/rild
16136    1932K    1932K    1676K    1672K  procrank
  234    4780K    4780K    1358K    1256K  /system/xbin/shelld
  155    4736K    4736K    1343K    1244K  /system/bin/fmradioserver
  150    3260K    3260K     965K     896K  /system/bin/drmserver
  162    1312K    1296K     821K     788K  /system/bin/thermald
  175    1292K    1276K     796K     764K  /system/bin/time_daemon
  775    1556K    1556K     788K     768K  /system/bin/wpa_supplicant
  161    1068K    1064K     746K     720K  /system/bin/mm-qcamera-daemon
  145    1584K    1584K     708K     656K  /system/bin/netd
  204     968K     968K     580K     508K  /system/bin/netmgrd
  142    1124K    1124K     467K     448K  /system/bin/vold
  196     768K     768K     443K     420K  /system/bin/qmuxd
  242     848K     848K     412K     400K  lbesec.loader
  152     864K     860K     400K     288K  /system/bin/dbus-daemon
  158     804K     804K     388K     336K  /system/bin/wiperiface
  154     868K     868K     296K     284K  /system/bin/keystore
  178     344K     344K     269K     268K  /sbin/mdbd
 1248     636K     636K     254K     236K  /system/bin/qosmgr
  153     716K     716K     237K     228K  /system/bin/installd
12585     540K     540K     230K     224K  /system/bin/dhcpcd
  176     244K     244K     212K     208K  /sbin/adbd
    1     296K     296K     210K     164K  /init
16133     520K     520K     209K     204K  /system/bin/dumpstate
16130     452K     448K     208K     204K  /system/bin/sh
  146     508K     508K     193K     188K  /system/bin/debuggerd
  160     460K     460K     176K     172K  /system/bin/mm-pp-daemon
   99     196K     196K     142K      96K  /sbin/ueventd
  174    3484K     412K     140K     136K  /system/bin/rmt_storage
  233     544K     532K     133K      56K  /system/bin/qseecomd
16132     400K     400K     124K     120K  bugreport
  141     364K     364K     124K     120K  /system/bin/servicemanager
  163     560K     556K     122K      44K  /system/bin/qseecomd
  774     360K     356K     104K     100K  /system/bin/logwrapper
                          ------   ------  ------
                         476484K  420836K  TOTAL

RAM: 768108K total, 71348K free, 12916K buffers, 201620K cached, 456K shmem, 24380K slab
[procrank: 2.6s elapsed]

------ VIRTUAL MEMORY STATS (/proc/vmstat) ------
nr_free_pages 18147
nr_inactive_anon 101
nr_active_anon 93665
nr_inactive_file 24741
nr_active_file 28401
nr_unevictable 378
nr_mlock 0
nr_anon_pages 93644
nr_mapped 25081
nr_file_pages 53634
nr_dirty 8
nr_writeback 0
nr_slab_reclaimable 2733
nr_slab_unreclaimable 3362
nr_page_table_pages 2857
nr_kernel_stack 793
nr_unstable 0
nr_bounce 0
nr_vmscan_write 0
nr_vmscan_immediate_reclaim 0
nr_writeback_temp 0
nr_isolated_anon 0
nr_isolated_file 0
nr_shmem 114
nr_dirtied 56168
nr_written 56119
nr_anon_transparent_hugepages 0
nr_dirty_threshold 6166
nr_dirty_background_threshold 1541
pgpgin 350658
pgpgout 297200
pswpin 0
pswpout 0
pgalloc_normal 891487
pgalloc_high 715949
pgalloc_movable 0
pgfree 1626215
pgactivate 62994
pgdeactivate 19673
pgfault 3333581
pgmajfault 1928
pgrefill_normal 5101
pgrefill_high 18931
pgrefill_movable 0
pgsteal_kswapd_normal 22221
pgsteal_kswapd_high 33182
pgsteal_kswapd_movable 0
pgsteal_direct_normal 41
pgsteal_direct_high 17
pgsteal_direct_movable 0
pgscan_kswapd_normal 22549
pgscan_kswapd_high 42397
pgscan_kswapd_movable 0
pgscan_direct_normal 41
pgscan_direct_high 46
pgscan_direct_movable 0
pginodesteal 0
slabs_scanned 22144
kswapd_inodesteal 0
kswapd_low_wmark_hit_quickly 22
kswapd_high_wmark_hit_quickly 66
kswapd_skip_congestion_wait 0
pageoutrun 1156
allocstall 1
pgrotated 7
compact_blocks_moved 0
compact_pages_moved 0
compact_pagemigrate_failed 0
compact_stall 0
compact_fail 0
compact_success 0
unevictable_pgs_culled 378
unevictable_pgs_scanned 0
unevictable_pgs_rescued 0
unevictable_pgs_mlocked 0
unevictable_pgs_munlocked 0
unevictable_pgs_cleared 0
unevictable_pgs_stranded 0
unevictable_pgs_mlockfreed 0

------ VMALLOC INFO (/proc/vmallocinfo) ------
0xbf000000-0xbf056000  352256 module_alloc_update_bounds+0xc/0x5c pages=85 vmalloc
0xe6800000-0xe6803000   12288 gen_pool_add_virt+0x48/0x12c pages=2 vmalloc
0xe680c000-0xe680e000    8192 msm_ssbi_probe+0xc0/0x258 ioremap
0xe680e000-0xe6810000    8192 msm_ssbi_probe+0xc0/0x258 ioremap
0xe6810000-0xe6812000    8192 qup_i2c_probe+0x2c4/0x818 ioremap
0xe6812000-0xe6814000    8192 qup_i2c_probe+0x2ec/0x818 ioremap
0xe6814000-0xe6816000    8192 qup_i2c_probe+0x2c4/0x818 ioremap
0xe6816000-0xe6818000    8192 qup_i2c_probe+0x2ec/0x818 ioremap
0xe6818000-0xe681a000    8192 qup_i2c_probe+0x2c4/0x818 ioremap
0xe681a000-0xe681c000    8192 qup_i2c_probe+0x2ec/0x818 ioremap
0xe681c000-0xe681e000    8192 qup_i2c_probe+0x2c4/0x818 ioremap
0xe681e000-0xe6820000    8192 qup_i2c_probe+0x2ec/0x818 ioremap
0xe6820000-0xe6822000    8192 qup_i2c_probe+0x2c4/0x818 ioremap
0xe6822000-0xe6824000    8192 qup_i2c_probe+0x2ec/0x818 ioremap
0xe6824000-0xe6826000    8192 qup_i2c_probe+0x2c4/0x818 ioremap
0xe6826000-0xe6828000    8192 i2c_ssbi_probe+0xe4/0x238 ioremap
0xe6828000-0xe682b000   12288 gen_pool_add_virt+0x48/0x12c pages=2 vmalloc
0xe682c000-0xe682e000    8192 devm_ioremap+0x3c/0x6c ioremap
0xe682e000-0xe6830000    8192 devm_ioremap+0x3c/0x6c ioremap
0xe6830000-0xe6832000    8192 lpass_fatal_init+0x68/0xc0 ioremap
0xe6832000-0xe6834000    8192 devm_ioremap_nocache+0x3c/0x6c ioremap
0xe6834000-0xe6837000   12288 devm_ioremap_nocache+0x3c/0x6c ioremap
0xe6837000-0xe683a000   12288 pcpu_extend_area_map+0x18/0x140 pages=2 vmalloc
0xe683a000-0xe683c000    8192 mipi_dsi_probe+0x98/0x65c ioremap
0xe683c000-0xe683e000    8192 msm_hs_probe+0x68/0x984 ioremap
0xe683e000-0xe6840000    8192 msm_hs_request_port+0x64/0x98 ioremap
0xe6840000-0xe6842000    8192 msm_rng_probe+0x84/0x1d4 ioremap
0xe6842000-0xe6844000    8192 devm_ioremap+0x3c/0x6c ioremap
0xe6844000-0xe6846000    8192 devm_ioremap+0x3c/0x6c ioremap
0xe6846000-0xe6848000    8192 devm_ioremap+0x3c/0x6c ioremap
0xe6848000-0xe684a000    8192 devm_ioremap+0x3c/0x6c ioremap
0xe684a000-0xe684c000    8192 msm_otg_probe+0x284/0x998 ioremap
0xe684c000-0xe684e000    8192 msm_mctl_init_user_formats+0xc4/0x2bc pages=1 vmalloc
0xe684e000-0xe6850000    8192 msm_mctl_init_user_formats+0xc4/0x2bc pages=1 vmalloc
0xe6854000-0xe6856000    8192 msmsdcc_probe+0x3ac/0x1398 ioremap
0xe6856000-0xe6858000    8192 msmsdcc_probe+0x3ac/0x1398 ioremap
0xe6858000-0xe685a000    8192 msmsdcc_probe+0x3ac/0x1398 ioremap
0xe685a000-0xe685c000    8192 msm_pm_init+0xa8/0x3d0 ioremap
0xe6860000-0xe686f000   61440 dai_probe+0xbc/0x124 ioremap
0xe6870000-0xe6876000   24576 kgsl_page_alloc_map_kernel+0x98/0xe8 ioremap
0xe6878000-0xe687e000   24576 kgsl_page_alloc_map_kernel+0x98/0xe8 ioremap
0xe6880000-0xe68a1000  135168 devm_ioremap+0x3c/0x6c ioremap
0xe68c0000-0xe68e1000  135168 binder_mmap+0xb0/0x224 ioremap
0xe68ea000-0xe68ed000   12288 gen_pool_add_virt+0x48/0x12c pages=2 vmalloc
0xe68f0000-0xe68fd000   53248 kgsl_page_alloc_map_kernel+0x98/0xe8 ioremap
0xe6900000-0xe69f1000  987136 mdp_probe+0x48/0xdb8 ioremap
0xe6a00000-0xe6b01000 1052672 msm_dmov_probe+0xb8/0x428 ioremap
0xe6b10000-0xe6b1d000   53248 kgsl_page_alloc_map_kernel+0x98/0xe8 ioremap
0xe6bc4000-0xe6bc7000   12288 gen_pool_add_virt+0x48/0x12c pages=2 vmalloc
0xe6c00000-0xe6d01000 1052672 msm_dmov_probe+0xb8/0x428 ioremap
0xe6dfd000-0xe6e00000   12288 gen_pool_add_virt+0x48/0x12c pages=2 vmalloc
0xe6e00000-0xe6ef1000  987136 mipi_dsi_probe+0x40/0x65c ioremap
0xe6f00000-0xe6fff000 1044480 binder_mmap+0xb0/0x224 ioremap
0xe7000000-0xe7101000 1052672 vidc_720p_probe+0x88/0x12c ioremap
0xe71f0000-0xe71f3000   12288 xt_alloc_table_info+0x7c/0xd8 pages=2 vmalloc
0xe71f3000-0xe71f6000   12288 xt_alloc_table_info+0x7c/0xd8 pages=2 vmalloc
0xe7200000-0xe7301000 1052672 msm_rotator_probe+0x3a0/0x6c4 ioremap
0xe7309000-0xe730c000   12288 xt_alloc_table_info+0x7c/0xd8 pages=2 vmalloc
0xe730c000-0xe730f000   12288 xt_alloc_table_info+0x7c/0xd8 pages=2 vmalloc
0xe7313000-0xe7316000   12288 gen_pool_add_virt+0x48/0x12c pages=2 vmalloc
0xe7330000-0xe733d000   53248 kgsl_page_alloc_map_kernel+0x98/0xe8 ioremap
0xe735c000-0xe735f000   12288 gen_pool_add_virt+0x48/0x12c pages=2 vmalloc
0xe739b000-0xe739e000   12288 gen_pool_add_virt+0x48/0x12c pages=2 vmalloc
0xe739e000-0xe73a1000   12288 gen_pool_add_virt+0x48/0x12c pages=2 vmalloc
0xe73c0000-0xe73cd000   53248 kgsl_page_alloc_map_kernel+0x98/0xe8 ioremap
0xe73cd000-0xe73d0000   12288 _kgsl_sharedmem_page_alloc+0x7c/0x304 pages=2 vmalloc
0xe73dc000-0xe73df000   12288 _kgsl_sharedmem_page_alloc+0x7c/0x304 pages=2 vmalloc
0xe7400000-0xe74ff000 1044480 binder_mmap+0xb0/0x224 ioremap
0xe7500000-0xe75ff000 1044480 binder_mmap+0xb0/0x224 ioremap
0xe7800000-0xe78ff000 1044480 binder_mmap+0xb0/0x224 ioremap
0xe7990000-0xe799d000   53248 kgsl_page_alloc_map_kernel+0x98/0xe8 ioremap
0xe7b44000-0xe7b47000   12288 gen_pool_add_virt+0x48/0x12c pages=2 vmalloc
0xe7b76000-0xe7b79000   12288 _kgsl_sharedmem_page_alloc+0x7c/0x304 pages=2 vmalloc
0xe7bd0000-0xe7bdd000   53248 kgsl_page_alloc_map_kernel+0x98/0xe8 ioremap
0xe7d50000-0xe7d5d000   53248 kgsl_page_alloc_map_kernel+0x98/0xe8 ioremap
0xe7db8000-0xe7dbe000   24576 kgsl_page_alloc_map_kernel+0x98/0xe8 ioremap
0xe7dc0000-0xe7dec000  180224 ion_carveout_heap_map_kernel+0x8c/0xac ioremap
0xe7e00000-0xe7eff000 1044480 binder_mmap+0xb0/0x224 ioremap
0xe7f00000-0xe7fff000 1044480 binder_mmap+0xb0/0x224 ioremap
0xe8300000-0xe83ff000 1044480 binder_mmap+0xb0/0x224 ioremap
0xe8408000-0xe840e000   24576 kgsl_page_alloc_map_kernel+0x98/0xe8 ioremap
0xe8438000-0xe843e000   24576 kgsl_page_alloc_map_kernel+0x98/0xe8 ioremap
0xe8458000-0xe845e000   24576 kgsl_page_alloc_map_kernel+0x98/0xe8 ioremap
0xe8500000-0xe85ff000 1044480 binder_mmap+0xb0/0x224 ioremap
0xe8700000-0xe87ff000 1044480 binder_mmap+0xb0/0x224 ioremap
0xe8f00000-0xe8fff000 1044480 binder_mmap+0xb0/0x224 ioremap
0xe9000000-0xe90ff000 1044480 binder_mmap+0xb0/0x224 ioremap
0xe9700000-0xe97ff000 1044480 binder_mmap+0xb0/0x224 ioremap
0xe9c00000-0xe9cff000 1044480 binder_mmap+0xb0/0x224 ioremap
0xe9d00000-0xe9dff000 1044480 binder_mmap+0xb0/0x224 ioremap
0xe9e00000-0xe9eff000 1044480 binder_mmap+0xb0/0x224 ioremap
0xea000000-0xea0ff000 1044480 binder_mmap+0xb0/0x224 ioremap
0xea200000-0xea2ff000 1044480 binder_mmap+0xb0/0x224 ioremap
0xea500000-0xea5ff000 1044480 binder_mmap+0xb0/0x224 ioremap
0xea700000-0xea7ff000 1044480 binder_mmap+0xb0/0x224 ioremap
0xead00000-0xeadff000 1044480 binder_mmap+0xb0/0x224 ioremap
0xeae00000-0xeaeff000 1044480 binder_mmap+0xb0/0x224 ioremap
0xeaf00000-0xeafff000 1044480 binder_mmap+0xb0/0x224 ioremap
0xeb000000-0xeb0ff000 1044480 binder_mmap+0xb0/0x224 ioremap
0xeb100000-0xeb1ff000 1044480 binder_mmap+0xb0/0x224 ioremap
0xeb200000-0xeb2ff000 1044480 binder_mmap+0xb0/0x224 ioremap
0xeb300000-0xeb3ff000 1044480 binder_mmap+0xb0/0x224 ioremap
0xeb500000-0xeb5ff000 1044480 binder_mmap+0xb0/0x224 ioremap
0xeb600000-0xeb6ff000 1044480 binder_mmap+0xb0/0x224 ioremap
0xeb700000-0xeb7ff000 1044480 binder_mmap+0xb0/0x224 ioremap
0xeb900000-0xeb9ff000 1044480 binder_mmap+0xb0/0x224 ioremap
0xeba00000-0xebaff000 1044480 binder_mmap+0xb0/0x224 ioremap
0xebb00000-0xebbff000 1044480 binder_mmap+0xb0/0x224 ioremap
0xebc00000-0xebcff000 1044480 binder_mmap+0xb0/0x224 ioremap
0xebe00000-0xebeff000 1044480 binder_mmap+0xb0/0x224 ioremap
0xec000000-0xec0ff000 1044480 binder_mmap+0xb0/0x224 ioremap
0xec200000-0xec2ff000 1044480 binder_mmap+0xb0/0x224 ioremap
0xeca00000-0xecaff000 1044480 binder_mmap+0xb0/0x224 ioremap
0xecc50000-0xecc5d000   53248 kgsl_page_alloc_map_kernel+0x98/0xe8 ioremap
0xee500000-0xee5ff000 1044480 binder_mmap+0xb0/0x224 ioremap
0xee900000-0xee9ff000 1044480 binder_mmap+0xb0/0x224 ioremap
0xfa000000-0xfa001000    4096 iotable_init+0x0/0xd0 phys=2080000 ioremap
0xfa001000-0xfa002000    4096 iotable_init+0x0/0xd0 phys=2081000 ioremap
0xfa002000-0xfa003000    4096 iotable_init+0x0/0xd0 phys=2001000 ioremap
0xfa003000-0xfa004000    4096 iotable_init+0x0/0xd0 phys=2082000 ioremap
0xfa004000-0xfa008000   16384 iotable_init+0x0/0xd0 phys=800000 ioremap
0xfa008000-0xfa009000    4096 iotable_init+0x0/0xd0 phys=104000 ioremap
0xfa010000-0xfa014000   16384 iotable_init+0x0/0xd0 phys=900000 ioremap
0xfa014000-0xfa015000    4096 iotable_init+0x0/0xd0 phys=4000000 ioremap
0xfa015000-0xfa016000    4096 iotable_init+0x0/0xd0 phys=28000000 ioremap
0xfa016000-0xfa017000    4096 iotable_init+0x0/0xd0 phys=2000000 ioremap
0xfa017000-0xfa018000    4096 iotable_init+0x0/0xd0 phys=2040000 ioremap
0xfa018000-0xfa019000    4096 iotable_init+0x0/0xd0 phys=903000 ioremap
0xfa200000-0xfa300000 1048576 iotable_init+0x0/0xd0 phys=40000000 ioremap
0xfa300000-0xfa301000    4096 iotable_init+0x0/0xd0 phys=2041000 ioremap
0xfa301000-0xfa302000    4096 iotable_init+0x0/0xd0 phys=2051000 ioremap
0xfa302000-0xfa303000    4096 iotable_init+0x0/0xd0 phys=200000 ioremap
0xfa303000-0xfa304000    4096 iotable_init+0x0/0xd0 phys=2042000 ioremap
0xfa304000-0xfa305000    4096 iotable_init+0x0/0xd0 phys=2052000 ioremap
0xfa600000-0xfa610000   65536 iotable_init+0x0/0xd0 phys=12100000 ioremap
0xfa700000-0xfa701000    4096 iotable_init+0x0/0xd0 phys=700000 ioremap
0xfa701000-0xfa702000    4096 iotable_init+0x0/0xd0 phys=16b00000 ioremap
0xfa702000-0xfa703000    4096 iotable_init+0x0/0xd0 phys=2a05f000 ioremap
0xfa800000-0xfa801000    4096 iotable_init+0x0/0xd0 phys=4a00000 ioremap
0xfefee000-0xff000000   73728 pcpu_get_vm_areas+0x0/0x654 vmalloc

------ SLAB INFO (/proc/slabinfo) ------
*** /proc/slabinfo: No such file or directory

------ ZONEINFO (/proc/zoneinfo) ------
Node 0, zone   Normal
  pages free     13700
        min      1280
        low      1600
        high     1920
        scanned  0
        spanned  155648
        present  93248
    nr_free_pages 13700
    nr_inactive_anon 17
    nr_active_anon 28378
    nr_inactive_file 11794
    nr_active_file 10542
    nr_unevictable 0
    nr_mlock     0
    nr_anon_pages 28378
    nr_mapped    5828
    nr_file_pages 22353
    nr_dirty     8
    nr_writeback 0
    nr_slab_reclaimable 2733
    nr_slab_unreclaimable 3362
    nr_page_table_pages 2857
    nr_kernel_stack 793
    nr_unstable  0
    nr_bounce    0
    nr_vmscan_write 0
    nr_vmscan_immediate_reclaim 0
    nr_writeback_temp 0
    nr_isolated_anon 0
    nr_isolated_file 0
    nr_shmem     17
    nr_dirtied   35199
    nr_written   35179
    nr_anon_transparent_hugepages 0
        protection: (0, 3286, 3286)
  pagesets
    cpu: 0
              count: 168
              high:  186
              batch: 31
  vm stats threshold: 12
    cpu: 1
              count: 153
              high:  186
              batch: 31
  vm stats threshold: 12
  all_unreclaimable: 0
  start_pfn:         262656
  inactive_ratio:    1
Node 0, zone  HighMem
  pages free     4447
        min      102
        low      462
        high     823
        scanned  0
        spanned  105984
        present  105156
    nr_free_pages 4447
    nr_inactive_anon 84
    nr_active_anon 65287
    nr_inactive_file 12947
    nr_active_file 17859
    nr_unevictable 378
    nr_mlock     0
    nr_anon_pages 65266
    nr_mapped    19253
    nr_file_pages 31281
    nr_dirty     0
    nr_writeback 0
    nr_slab_reclaimable 0
    nr_slab_unreclaimable 0
    nr_page_table_pages 0
    nr_kernel_stack 0
    nr_unstable  0
    nr_bounce    0
    nr_vmscan_write 0
    nr_vmscan_immediate_reclaim 0
    nr_writeback_temp 0
    nr_isolated_anon 0
    nr_isolated_file 0
    nr_shmem     97
    nr_dirtied   20969
    nr_written   20940
    nr_anon_transparent_hugepages 0
        protection: (0, 0, 0)
  pagesets
    cpu: 0
              count: 176
              high:  186
              batch: 31
  vm stats threshold: 12
    cpu: 1
              count: 135
              high:  186
              batch: 31
  vm stats threshold: 12
  all_unreclaimable: 0
  start_pfn:         418304
  inactive_ratio:    1

------ PAGETYPEINFO (/proc/pagetypeinfo) ------
Page block order: 10
Pages per block:  1024

Free pages count per migrate type at order       0      1      2      3      4      5      6      7      8      9     10 
Node    0, zone   Normal, type    Unmovable    308    217    191     79     22      5      0      0      0      0      0 
Node    0, zone   Normal, type  Reclaimable     34      1      0      3      4      0      1      0      0      0      0 
Node    0, zone   Normal, type      Movable   3112    881    393     98     49     15      5      0      0      0      0 
Node    0, zone   Normal, type      Reserve      0      0      0      0      0      0      0      0      0      0      2 
Node    0, zone   Normal, type      Isolate      0      0      0      0      0      0      0      0      0      0      0 
Node    0, zone  HighMem, type    Unmovable    331    133     24      5      0      0      0      0      0      0      0 
Node    0, zone  HighMem, type  Reclaimable      0      0      0      0      0      0      0      0      0      0      0 
Node    0, zone  HighMem, type      Movable     61    605    374     70      9      2      0      0      0      0      0 
Node    0, zone  HighMem, type      Reserve     81     11      5      5      1      0      0      0      0      0      0 
Node    0, zone  HighMem, type      Isolate      0      0      0      0      0      0      0      0      0      0      0 

Number of blocks type     Unmovable  Reclaimable      Movable      Reserve      Isolate 
Node 0, zone   Normal           24            3           64            1            0 
Node 0, zone  HighMem           10            0           93            1            0 

------ BUDDYINFO (/proc/buddyinfo) ------
Node 0, zone   Normal   3454   1099    584    180     75     20      6      0      0      0      2 
Node 0, zone  HighMem    473    749    403     80     10      2      0      0      0      0      0 

------ KERNEL WAKELOCKS (/proc/wakelocks) ------
name	count	expire_count	wake_count	active_since	total_time	sleep_time	max_time	last_change
"KeyEvents"	2172	0	17	0	1035415457	461203037	345661334	25731535488866
"wlan_wake"	113940	0	180	0	469153644269	433422795976	754148592	25730770291978
"PowerManagerService"	976	0	0	0	3097131737919	2887525229983	166998180857	25728754098052
"alarm_rtc"	197	26	184	0	65969646062	65968821321	1002287991	23628926255499
"alarm"	1003	0	1	0	22490919627	21864482274	337832890	25728731199385
"mmc0"	0	0	0	0	0	0	0	0
"pmic8058_xoadc_wakelock"	1695	0	0	0	4449237444	4011321137	40247111	25706096583390
"power-supply"	429	0	0	0	4075474096	2951798953	854940744	25706092116427
"rpc-interface"	48	0	0	0	19906516	19138217	2490667	25433588376480
"rpc_reply"	18	0	0	0	12202814	11627112	2445777	25433588354702
"GPS"	18	0	0	0	257629	227998	47259	25433588299147
"rpc_read"	46	0	0	0	18486667	17510077	3224445	25433587959887
"rpcrotuer_smd_xprt"	144	0	5	0	30257477	16750522	6948148	25433586278850
"qmuxd_port_wl_0"	291	0	0	0	41748015	973780	1254976	25433452769813
"smdcntl0"	289	0	0	0	41662056	921778	1009778	25433452695887
"main"	7	0	0	0	880014868401	0	313994645139	23786974686429
"rmt_storage"	13	0	0	0	4954933547	4134968806	1080441116	23754978719325
"rpc_read"	41	0	0	0	2504447	1679856	166371	23754978704806
"rpc_reply"	20	0	0	0	3222230	2282083	525778	23754656174288
"event0-644"	23	0	6	0	1168124596	1167398523	194098518	23726417085404
"event1-644"	777	0	0	0	84843402	0	5909185	23724170240220
"power-supply"	25	0	0	0	305044743	3297186	288748593	23677310322746
"radio-interface"	11	0	0	0	18207928644	0	8113736592	23666027359785
"qcril"	13	0	0	0	101660984	0	74126222	23665029536082
"msm_otg"	7	0	0	0	1854126511	239231549	457693630	23663810438007
"mmc1_detect"	493	0	1	0	16564008691	16341251953	221943407	23632544977718
"mmc1"	0	0	0	0	0	0	0	0
"mmc0_detect"	493	1	1	0	665798480	39641328	624843221	23632510327051
"mmc2"	0	0	0	0	0	0	0	0
"mmc2_detect"	3	2	0	0	1686803371	0	872693636	20340524509297
"msm_serial_hs_rx"	1	1	0	0	490303659	0	490303659	20340524507816
"rpc_read"	7	0	0	0	383853	0	96297	20233857992133
"event2-644"	4	0	0	0	1214778	737149	423409	20026859264172
"rpc_reply"	1	0	0	0	293926	0	293926	28445089635
"rpc_read"	3	0	0	0	189038	0	112149	28444797487
"rpc_reply"	0	0	0	0	0	0	0	0
"rpc_read"	0	0	0	0	0	0	0	0
"pil-modem"	1	0	0	0	10991415554	0	10991415554	18780047860
"event7-644"	0	0	0	0	0	0	0	0
"pil-q6"	1	0	0	0	10231276295	0	10231276295	16560382971
"qmuxd_port_wl_1"	20	0	0	0	1077037	0	131112	15171404749
"smdcntl1"	20	0	0	0	937779	0	76592	15171334526
"qmuxd_port_wl_7"	5	0	0	0	242074	0	66963	13185620897
"smdcntl7"	5	0	0	0	261037	0	72889	13185588897
"qmuxd_port_wl_6"	5	0	0	0	242963	0	54667	13184135564
"smdcntl6"	5	0	0	0	272000	0	73630	13184090823
"qmuxd_port_wl_5"	5	0	0	0	261778	0	72000	13182618823
"smdcntl5"	5	0	0	0	274074	0	66815	13182584601
"qmuxd_port_wl_4"	5	0	0	0	276445	0	68148	13180970230
"smdcntl4"	5	0	0	0	321037	0	106667	13180911267
"qmuxd_port_wl_3"	5	0	0	0	282964	0	72741	13179466230
"smdcntl3"	5	0	0	0	291555	0	90963	13179432600
"qmuxd_port_wl_2"	5	0	0	0	307853	0	80741	13177964304
"smdcntl2"	5	0	0	0	319408	0	75852	13177917489
"rpc_read"	1	0	0	0	47704	0	47704	10475762380
"rpc_reply"	1	0	0	0	195703	0	195703	10475331417
"rpc_read"	3	0	0	0	145481	0	71111	10475138824
"rpc_reply"	0	0	0	0	0	0	0	0
"rpc_reply"	0	0	0	0	0	0	0	0
"rpc_server"	0	0	0	0	0	0	0	0
"rpc_reply"	0	0	0	0	0	0	0	0
"rpc_read"	0	0	0	0	0	0	0	0
"smsm_snapshot"	3	0	0	0	403259	0	262666	8961290676
"rpc_reply"	0	0	0	0	0	0	0	0
"rpc_read"	0	0	0	0	0	0	0	0
"rpc_reply"	0	0	0	0	0	0	0	0
"rpc_read"	0	0	0	0	0	0	0	0
"rpc_reply"	0	0	0	0	0	0	0	0
"rpc_read"	0	0	0	0	0	0	0	0
"msm_serial_hs_dma"	2	0	0	0	419556	0	238371	5397715120
"batt_short"	0	0	0	0	0	0	0	0
"othc_sw_wlock"	0	0	0	0	0	0	0	0
"pm8058_other_wlock"	0	0	0	0	0	0	0	0
"othc_sw_wlock"	0	0	0	0	0	0	0	0
"pm8058_other_wlock"	0	0	0	0	0	0	0	0
"othc_sw_wlock"	0	0	0	0	0	0	0	0
"pm8058_other_wlock"	0	0	0	0	0	0	0	0
"mmc1"	0	0	0	0	0	0	0	0
"isl29028"	0	0	0	0	0	0	0	0
"msm_hsusb_host.0"	0	0	0	0	0	0	0	0
"DATA14"	0	0	0	0	0	0	0	0
"DATA13"	0	0	0	0	0	0	0	0
"DATA12"	0	0	0	0	0	0	0	0
"DATA9"	0	0	0	0	0	0	0	0
"DATA8"	0	0	0	0	0	0	0	0
"DATA7"	0	0	0	0	0	0	0	0
"DATA6"	0	0	0	0	0	0	0	0
"DATA5"	0	0	0	0	0	0	0	0
"audio_mvs_suspend"	0	0	0	0	0	0	0	0
"rpc_reply"	0	0	0	0	0	0	0	0
"rpc_read"	0	0	0	0	0	0	0	0
"pil-dsps"	0	0	0	0	0	0	0	0
"pil-vidc"	0	0	0	0	0	0	0	0
"pil-tzapps"	0	0	0	0	0	0	0	0
"msm_etm"	0	0	0	0	0	0	0	0
"unknown_wakeups"	0	0	0	0	0	0	0	0
"deleted_wake_locks"	26	0	0	0	95635462354	0	95635399836	0
"msm_charger"	6	0	0	2054481355158	2113275669817	1944904438586	2054481355158	23677288871042
"usb_bus_active"	4	0	0	2068193066261	22140989677239	21528522688635	15252724502599	23663577166902
"suspend_backoff"	2	2	0	0	19981933816	19981930367	9997909075	23632511812681
"wlan_ctrl_wake"	1372	1372	0	0	2115851883822	2058677199742	2405710666	25432459083147
"wlan_rx_wake"	937	937	0	0	1539090196693	1221162201844	168134875822	25730769448718

------ KERNEL CPUFREQ (/sys/devices/system/cpu/cpu0/cpufreq/stats/time_in_state) ------
192000 2353444
384000 20362
432000 15001
486000 12011
540000 10568
594000 8868
648000 10612
702000 9809
756000 4245
810000 739
864000 775
918000 105139
972000 1160
1026000 878
1080000 995
1134000 1037
1188000 1346
1242000 858
1296000 872
1350000 678
1404000 582
1458000 456
1512000 664
1566000 649
1620000 1880
1674000 9462

------ PROCESSES (ps -P) ------
USER     PID   PPID  VSIZE  RSS    PCY  WCHAN    PC         NAME
root      1     0     428    296       c01574cc 0000e9a0 S /init
root      2     0     0      0         c00a1d50 00000000 S kthreadd
root      3     2     0      0         c008740c 00000000 S ksoftirqd/0
root      6     2     0      0         c00dd6d4 00000000 S migration/0
root      10    2     0      0         c009d248 00000000 S khelper
root      11    2     0      0         c009d248 00000000 S suspend_sys_syn
root      12    2     0      0         c009d248 00000000 S suspend
root      13    2     0      0         c00df76c 00000000 S irq/203-msmdata
root      14    2     0      0         c00df76c 00000000 S irq/199-msmdata
root      15    2     0      0         c0121b34 00000000 S sync_supers
root      16    2     0      0         c0123134 00000000 S bdi-default
root      17    2     0      0         c009d248 00000000 S kblockd
root      18    2     0      0         c03ab6dc 00000000 S khubd
root      19    2     0      0         c009d248 00000000 S l2cap
root      20    2     0      0         c009d248 00000000 S a2mp
root      22    2     0      0         c009d248 00000000 S cfg80211
root      23    2     0      0         c009d248 00000000 S modem_notifier
root      24    2     0      0         c009d248 00000000 S smd_channel_clo
root      25    2     0      0         c009d248 00000000 S smsm_cb_wq
root      27    2     0      0         c009d248 00000000 S rpcrouter
root      28    2     0      0         c009d248 00000000 S reset_device
root      29    2     0      0         c009d248 00000000 S apr_driver
root      30    2     0      0         c009d248 00000000 S rmt_storage
root      31    2     0      0         c011a15c 00000000 S kswapd0
root      32    2     0      0         c01868d4 00000000 S fsnotify_mark
root      33    2     0      0         c009d248 00000000 S cifsiod
root      34    2     0      0         c009d248 00000000 S crypto
root      48    2     0      0         c009d248 00000000 S mdp_dma_wq
root      49    2     0      0         c009d248 00000000 S mdp_vsync_wq
root      50    2     0      0         c009d248 00000000 S mdp_pipe_ctrl_w
root      51    2     0      0         c009d248 00000000 S mdp_cursor_ctrl
root      52    2     0      0         c009d248 00000000 S vidc_worker_que
root      53    2     0      0         c009d248 00000000 S vidc_timer_wq
root      54    2     0      0         c009d248 00000000 S k_hsuart
root      55    2     0      0         c009d248 00000000 S diag_wq
root      56    2     0      0         c009d248 00000000 S diag_cntl_wq
root      57    2     0      0         c009d248 00000000 S kgsl-3d0
root      58    2     0      0         c009d248 00000000 S kgsl-2d0
root      59    2     0      0         c009d248 00000000 S kgsl-2d1
root      60    2     0      0         c00df76c 00000000 S irq/505-pm8058_
root      61    2     0      0         c009d248 00000000 S spi_qsd.0
root      68    2     0      0         c009d248 00000000 S k_rmnet_mux_wor
root      70    2     0      0         c009d248 00000000 S f_mtp
root      71    2     0      0         c03f1688 00000000 S file-storage
root      73    2     0      0         c009d248 00000000 S uether
root      74    2     0      0         c009d248 00000000 S kpsmoused
root      75    2     0      0         c00df76c 00000000 S irq/306-atmel_m
root      76    2     0      0         c00df76c 00000000 S irq/380-isl2902
root      77    2     0      0         c00df76c 00000000 S irq/379-lsm303d
root      78    2     0      0         c009d248 00000000 S msm_charger_eve
root      79    2     0      0         c009d248 00000000 S msm_adc
root      80    2     0      0         c00df76c 00000000 S irq/210-tsens
root      81    2     0      0         c009d248 00000000 S iewq
root      82    2     0      0         c04da0d4 00000000 S kinteractiveup
root      83    2     0      0         c00df76c 00000000 S irq/383-msm-sdc
root      84    2     0      0         c009d248 00000000 S binder
root      85    2     0      0         c0035e68 00000000 D kworker/u:2
root      86    2     0      0         c06ad214 00000000 S krfcommd
root      87    2     0      0         c009d248 00000000 S msm-cpufreq
root      88    2     0      0         c04ef488 00000000 S mmcqd/0
root      89    2     0      0         c009d248 00000000 S rq_stats
root      90    2     0      0         c009d248 00000000 S deferwq
root      91    2     0      0         c00df76c 00000000 S irq/487-pm8058_
root      92    2     0      0         c00df76c 00000000 S irq/488-pm8058_
root      93    2     0      0         c00df76c 00000000 S irq/444-CHGVAL
root      94    2     0      0         c00df76c 00000000 S irq/443-CHGINVA
root      95    2     0      0         c00df76c 00000000 S irq/474-VBATDET
root      98    2     0      0         c00df76c 00000000 S irq/319-max1704
root      99    1     392    196       c01574cc 0000e9a0 S /sbin/ueventd
root      100   2     0      0         c02239fc 00000000 S jbd2/mmcblk0p15
root      101   2     0      0         c009d248 00000000 S ext4-dio-unwrit
root      106   2     0      0         c02239fc 00000000 S jbd2/mmcblk0p20
root      107   2     0      0         c009d248 00000000 S ext4-dio-unwrit
root      108   2     0      0         c02239fc 00000000 S jbd2/mmcblk0p18
root      109   2     0      0         c009d248 00000000 S ext4-dio-unwrit
root      114   2     0      0         c02239fc 00000000 S jbd2/mmcblk0p19
root      115   2     0      0         c009d248 00000000 S ext4-dio-unwrit
system    141   1     936    364       c050d918 4026eb74 S /system/bin/servicemanager
root      142   1     6688   1124      ffffffff 40238300 S /system/bin/vold
root      145   1     12328  1584      ffffffff 4019c300 S /system/bin/netd
root      146   1     1000   508       c0565930 402a0604 S /system/bin/debuggerd
radio     147   1     15860  3036      ffffffff ffff0520 S /system/bin/rild
system    148   1     54180  12020 fg  ffffffff 401dab74 S /system/bin/surfaceflinger
root      149   1     462048 41524     ffffffff 401aac98 S zygote
drm       150   1     12236  3260  fg  ffffffff 4021bb74 S /system/bin/drmserver
media     151   1     37912  8188  fg  ffffffff 401c2b74 S /system/bin/mediaserver
bluetooth 152   1     1444   860       c01574cc ffff0520 S /system/bin/dbus-daemon
root      153   1     2364   716       ffffffff 4014193c S /system/bin/installd
keystore  154   1     1864   868       c0565930 402c2604 S /system/bin/keystore
system    155   1     18132  4736  fg  ffffffff 402a6b74 S /system/bin/fmradioserver
gps       158   1     4564   804       ffffffff 4022993c S /system/bin/wiperiface
system    160   1     2012   460       ffffffff 401df534 S /system/bin/mm-pp-daemon
camera    161   1     3860   1064      c01574cc ffff0520 S /system/bin/mm-qcamera-daemon
root      162   1     12012  1296      ffffffff 4026fc84 S /system/bin/thermald
system    163   1     1872   556       c0083f6c 401928f0 S /system/bin/qseecomd
nobody    174   1     7068   412       ffffffff 40164b74 S /system/bin/rmt_storage
system    175   1     8908   1276      ffffffff 400fd604 S /system/bin/time_daemon
shell     176   1     4520   244       ffffffff 00016138 S /sbin/adbd
root      178   1     6056   344       ffffffff 000580ac S /sbin/mdbd
radio     196   1     11232  768       ffffffff 40200c98 S /system/bin/qmuxd
radio     204   1     7296   968       ffffffff 40279c84 S /system/bin/netmgrd
system    233   163   1884   532       c0095608 40192290 S /system/bin/qseecomd
system    234   153   20156  4780  fg  ffffffff 40120b74 S /system/xbin/shelld
root      240   2     0      0         c0170e8c 00000000 S flush-179:0
root      242   1     4596   848   fg  ffffffff 4014ab74 S lbesec.loader
root      550   2     0      0         c009d248 00000000 S rpcrotuer_smd_x
root      551   2     0      0         c003b690 00000000 S krpcserversd
root      554   2     0      0         c003959c 00000000 D krmt_storagecln
root      555   2     0      0         c003c83c 00000000 D krmt_storagecln
system    644   149   581868 63992 fg  ffffffff 401aab74 S system_server
root      767   2     0      0         c00a815c 00000000 S dhd_cfg80211_ev
root      768   2     0      0         c00a815c 00000000 S dhd_watchdog
root      769   2     0      0         c00a815c 00000000 S dhd_dpc
root      770   2     0      0         c00a815c 00000000 S dhd_sysioc
log       774   1     788    356       c0313740 4026193c S /system/bin/logwrapper
wifi      775   774   2716   1556      c01574cc 401b8c98 S /system/bin/wpa_supplicant
system    776   149   507388 69876 fg  ffffffff 401aba50 S com.android.systemui
u0_a16    822   149   511072 54032 bg  ffffffff 401aba50 S android.process.media
u0_a56    836   149   492644 55972 fg  ffffffff 401aba50 S com.baidu.input_mi
radio     846   149   494972 42676 fg  ffffffff 401aba50 S com.android.phone
u0_a24    861   149   470236 35864 fg  ffffffff 401aba50 S com.lbe.security.miui
u0_a15    883   149   510568 62856 fg  ffffffff 401aba50 S com.android.deskclock
u0_a51    895   149   480840 43016 fg  ffffffff 401aba50 S com.xiaomi.xmsf
u0_a32    909   149   522184 66964 fg  ffffffff 401aba50 S com.miui.home
system    927   149   542472 92544 fg  ffffffff 401aba50 S com.android.settings
u0_a24    945   149   493568 53400 fg  ffffffff 401aba50 S com.lbe.security.miui:service
u0_a2     972   149   472004 39684 bg  ffffffff 401aba50 S com.baidu.map.location
u0_a47    1009  149   469620 35248 fg  ffffffff 401aba50 S com.android.smspush
u0_a2     1017  149   470884 37976 bg  ffffffff 401aba50 S com.baidu.map.location:remote
u0_a0     1039  149   541420 78236 fg  ffffffff 401aba50 S android.process.acore
system    1064  149   478360 41684 fg  ffffffff 401aba50 S com.miui.securitycenter
u0_a23    1096  149   473432 39740 fg  ffffffff 401aba50 S com.cleanmaster.sdk
u0_a49    1148  149   478248 37560 fg  ffffffff 401aba50 S com.miui.providers.weather
u0_a14    1205  149   470876 35968 fg  ffffffff 401aba50 S com.android.defcontainer
system    1248  1     1376   636       c01574cc 40244ac8 S /system/bin/qosmgr
root      1281  1     448620 18384 fg  ffffffff 401b5a50 S lbesec.loader
u0_a50    1456  149   470680 35844 fg  ffffffff 401aba50 S com.qualcomm.wiper
system    3321  149   492772 55368 fg  ffffffff 401aba50 S com.miui.networkassistant
u0_a43    9087  149   516872 46004 bg  ffffffff 401aba50 S com.xiaomi.market
u0_a59    9108  149   502280 48644 bg  ffffffff 401aba50 S com.xiaomi.channel
dhcp      12585 1     1020   540       c01574cc ffff0520 S /system/bin/dhcpcd
root      14670 2     0      0         c009d038 00000000 S kworker/0:0
root      15020 2     0      0         c00dd6d4 00000000 S migration/1
root      15022 2     0      0         c008740c 00000000 S ksoftirqd/1
u0_a34    15079 149   498636 52496 bg  ffffffff 401aba50 S com.android.mms
u0_a20    15420 149   480120 45412 bg  ffffffff 401aba50 S com.xiaomi.gamecenter
u0_a36    15473 149   469712 35212 bg  ffffffff 401aba50 S com.android.musicfx
u0_a22    15593 149   470920 35144 bg  ffffffff 401aba50 S com.miui.guardprovider:remote
u0_a40    15622 149   471180 35592 fg  ffffffff 401aba50 S com.android.quicksearchbox
root      15724 2     0      0         c009d038 00000000 S kworker/1:1
u0_a48    15784 149   471300 38568 bg  ffffffff 401aba50 S com.miui.weather2:weatherservice
root      15823 2     0      0         c009d038 00000000 S kworker/u:3
root      15920 2     0      0         c009d038 00000000 S kworker/1:2
root      15925 2     0      0         c009d038 00000000 S kworker/u:0
root      15978 2     0      0         c009d038 00000000 S kworker/0:2
root      16005 2     0      0         c009d038 00000000 S kworker/1:0
root      16025 2     0      0         c009d038 00000000 S kworker/u:1
9801      16070 149   475260 39672 bg  ffffffff 401aba50 S com.android.thememanager
system    16090 149   473864 40732 bg  ffffffff 401aba50 S com.android.settings:remote
root      16110 2     0      0         c009d038 00000000 S kworker/0:1
shell     16130 176   848    448       c0011708 4016a4e0 S /system/bin/sh
shell     16132 16130 920    416       c0624688 4013b93c S bugreport
root      16133 1     976    520       c00a7710 401d2300 S /system/bin/dumpstate
root      16138 16133 1060   460       00000000 4011e93c R ps
[ps: 0.1s elapsed]

------ PROCESSES AND THREADS (ps -t -p -P) ------
USER     PID   PPID  VSIZE  RSS   PRIO  NICE  RTPRI SCHED  PCY  WCHAN    PC         NAME
root      1     0     428    296   20    0     0     0         c01574cc 0000e9a0 S /init
root      2     0     0      0     -2    0     1     1         c00a1d50 00000000 S kthreadd
root      3     2     0      0     20    0     0     0         c008740c 00000000 S ksoftirqd/0
root      6     2     0      0     -100  0     99    1         c00dd6d4 00000000 S migration/0
root      10    2     0      0     0     -20   0     0         c009d248 00000000 S khelper
root      11    2     0      0     0     -20   0     0         c009d248 00000000 S suspend_sys_syn
root      12    2     0      0     0     -20   0     0         c009d248 00000000 S suspend
root      13    2     0      0     -51   0     50    1         c00df76c 00000000 S irq/203-msmdata
root      14    2     0      0     -51   0     50    1         c00df76c 00000000 S irq/199-msmdata
root      15    2     0      0     20    0     0     0         c0121b34 00000000 S sync_supers
root      16    2     0      0     20    0     0     0         c0123134 00000000 S bdi-default
root      17    2     0      0     0     -20   0     0         c009d248 00000000 S kblockd
root      18    2     0      0     20    0     0     0         c03ab6dc 00000000 S khubd
root      19    2     0      0     0     -20   0     0         c009d248 00000000 S l2cap
root      20    2     0      0     0     -20   0     0         c009d248 00000000 S a2mp
root      22    2     0      0     0     -20   0     0         c009d248 00000000 S cfg80211
root      23    2     0      0     0     -20   0     0         c009d248 00000000 S modem_notifier
root      24    2     0      0     0     -20   0     0         c009d248 00000000 S smd_channel_clo
root      25    2     0      0     0     -20   0     0         c009d248 00000000 S smsm_cb_wq
root      27    2     0      0     0     -20   0     0         c009d248 00000000 S rpcrouter
root      28    2     0      0     0     -20   0     0         c009d248 00000000 S reset_device
root      29    2     0      0     0     -20   0     0         c009d248 00000000 S apr_driver
root      30    2     0      0     0     -20   0     0         c009d248 00000000 S rmt_storage
root      31    2     0      0     20    0     0     0         c011a15c 00000000 S kswapd0
root      32    2     0      0     20    0     0     0         c01868d4 00000000 S fsnotify_mark
root      33    2     0      0     0     -20   0     0         c009d248 00000000 S cifsiod
root      34    2     0      0     0     -20   0     0         c009d248 00000000 S crypto
root      48    2     0      0     0     -20   0     0         c009d248 00000000 S mdp_dma_wq
root      49    2     0      0     0     -20   0     0         c009d248 00000000 S mdp_vsync_wq
root      50    2     0      0     0     -20   0     0         c009d248 00000000 S mdp_pipe_ctrl_w
root      51    2     0      0     0     -20   0     0         c009d248 00000000 S mdp_cursor_ctrl
root      52    2     0      0     0     -20   0     0         c009d248 00000000 S vidc_worker_que
root      53    2     0      0     0     -20   0     0         c009d248 00000000 S vidc_timer_wq
root      54    2     0      0     0     -20   0     0         c009d248 00000000 S k_hsuart
root      55    2     0      0     0     -20   0     0         c009d248 00000000 S diag_wq
root      56    2     0      0     0     -20   0     0         c009d248 00000000 S diag_cntl_wq
root      57    2     0      0     0     -20   0     0         c009d248 00000000 S kgsl-3d0
root      58    2     0      0     0     -20   0     0         c009d248 00000000 S kgsl-2d0
root      59    2     0      0     0     -20   0     0         c009d248 00000000 S kgsl-2d1
root      60    2     0      0     -51   0     50    1         c00df76c 00000000 S irq/505-pm8058_
root      61    2     0      0     0     -20   0     0         c009d248 00000000 S spi_qsd.0
root      68    2     0      0     0     -20   0     0         c009d248 00000000 S k_rmnet_mux_wor
root      70    2     0      0     0     -20   0     0         c009d248 00000000 S f_mtp
root      71    2     0      0     20    0     0     0         c03f1688 00000000 S file-storage
root      73    2     0      0     0     -20   0     0         c009d248 00000000 S uether
root      74    2     0      0     0     -20   0     0         c009d248 00000000 S kpsmoused
root      75    2     0      0     -51   0     50    1         c00df76c 00000000 S irq/306-atmel_m
root      76    2     0      0     -51   0     50    1         c00df76c 00000000 S irq/380-isl2902
root      77    2     0      0     -51   0     50    1         c00df76c 00000000 S irq/379-lsm303d
root      78    2     0      0     0     -20   0     0         c009d248 00000000 S msm_charger_eve
root      79    2     0      0     0     -20   0     0         c009d248 00000000 S msm_adc
root      80    2     0      0     -51   0     50    1         c00df76c 00000000 S irq/210-tsens
root      81    2     0      0     0     -20   0     0         c009d248 00000000 S iewq
root      82    2     0      0     -100  0     99    1         c04da0d4 00000000 S kinteractiveup
root      83    2     0      0     -51   0     50    1         c00df76c 00000000 S irq/383-msm-sdc
root      84    2     0      0     0     -20   0     0         c009d248 00000000 S binder
root      85    2     0      0     20    0     0     0         c0035e68 00000000 D kworker/u:2
root      86    2     0      0     10    -10   0     0         c06ad214 00000000 S krfcommd
root      87    2     0      0     0     -20   0     0         c009d248 00000000 S msm-cpufreq
root      88    2     0      0     20    0     0     0         c04ef488 00000000 S mmcqd/0
root      89    2     0      0     0     -20   0     0         c009d248 00000000 S rq_stats
root      90    2     0      0     0     -20   0     0         c009d248 00000000 S deferwq
root      91    2     0      0     -51   0     50    1         c00df76c 00000000 S irq/487-pm8058_
root      92    2     0      0     -51   0     50    1         c00df76c 00000000 S irq/488-pm8058_
root      93    2     0      0     -51   0     50    1         c00df76c 00000000 S irq/444-CHGVAL
root      94    2     0      0     -51   0     50    1         c00df76c 00000000 S irq/443-CHGINVA
root      95    2     0      0     -51   0     50    1         c00df76c 00000000 S irq/474-VBATDET
root      98    2     0      0     -51   0     50    1         c00df76c 00000000 S irq/319-max1704
root      99    1     392    196   20    0     0     0         c01574cc 0000e9a0 S /sbin/ueventd
root      100   2     0      0     20    0     0     0         c02239fc 00000000 S jbd2/mmcblk0p15
root      101   2     0      0     0     -20   0     0         c009d248 00000000 S ext4-dio-unwrit
root      106   2     0      0     20    0     0     0         c02239fc 00000000 S jbd2/mmcblk0p20
root      107   2     0      0     0     -20   0     0         c009d248 00000000 S ext4-dio-unwrit
root      108   2     0      0     20    0     0     0         c02239fc 00000000 S jbd2/mmcblk0p18
root      109   2     0      0     0     -20   0     0         c009d248 00000000 S ext4-dio-unwrit
root      114   2     0      0     20    0     0     0         c02239fc 00000000 S jbd2/mmcblk0p19
root      115   2     0      0     0     -20   0     0         c009d248 00000000 S ext4-dio-unwrit
system    141   1     936    364   20    0     0     0         c050d918 4026eb74 S /system/bin/servicemanager
root      142   1     6688   1124  20    0     0     0         ffffffff 40238300 S /system/bin/vold
root      244   142   6688   1124  20    0     0     0         c01574cc 40237c98 S vold
root      245   142   6688   1124  20    0     0     0         c01574cc 40237c98 S vold
root      145   1     12328  1584  20    0     0     0         ffffffff 4019c300 S /system/bin/netd
root      376   145   12328  1584  20    0     0     0         c01574cc 4019bc98 S netd
root      377   145   12328  1584  20    0     0     0         c01574cc 4019bc98 S netd
root      378   145   12328  1584  20    0     0     0         c01574cc 4019bc98 S netd
root      379   145   12328  1584  20    0     0     0         c01574cc 4019bc98 S netd
root      380   145   12328  1584  20    0     0     0         c01574cc ffff0520 S netd
root      381   145   12328  1584  20    0     0     0         c01574cc 4019bc98 S netd
root      382   145   12328  1584  20    0     0     0         c01574cc 4019bc98 S netd
root      146   1     1000   508   20    0     0     0         c0565930 402a0604 S /system/bin/debuggerd
radio     147   1     15860  3036  20    0     0     0         ffffffff ffff0520 S /system/bin/rild
radio     271   147   15860  3036  20    0     0     0         c01574cc 400cdc98 S rild
radio     282   147   15860  3036  20    0     0     0         c0324a88 400cd93c S rild
radio     294   147   15860  3036  20    0     0     0         c01574cc 400cdc98 S rild
radio     674   147   15860  3036  20    0     0     0         c01574cc 400cdc98 S rild
radio     675   147   15860  3036  20    0     0     0         c00ca430 400cec84 S rild
radio     676   147   15860  3036  20    0     0     0         c00ca430 400cec84 S rild
radio     677   147   15860  3036  20    0     0     0         c01574cc 400cdc98 S rild
system    148   1     54180  12020 20    0     0     0     fg  ffffffff 401dab74 S /system/bin/surfaceflinger
system    375   148   54180  12020 12    -8    0     0     fg  c018ac8c 401dba50 S SurfaceFlinger
system    407   148   54180  12020 10    -10   0     0     fg  c00ca430 401dbc84 S GL updater
system    410   148   54180  12020 12    -8    0     0     fg  c01574cc ffff0520 S SurfaceFlinger
system    411   148   54180  12020 12    -8    0     0     fg  c01574cc ffff0520 S SurfaceFlinger
system    412   148   54180  12020 11    -9    0     0     fg  c00ca430 401dbc84 S hwcVsyncThread
system    413   148   54180  12020 11    -9    0     0     fg  c00ca430 401dbc84 S EventThread
system    414   148   54180  12020 12    -8    0     0     fg  c00c064c 401da93c S DisplayEventThr
system    415   148   54180  12020 20    0     0     0     fg  c050d918 401dab74 S Binder_1
system    926   148   54180  12020 20    0     0     0     fg  c050d918 401dab74 S Binder_2
system    1187  148   54180  12020 20    0     0     0     fg  c050d918 401dab74 S Binder_3
system    8406  148   54180  12020 20    0     0     0     fg  c050d918 401dab74 S Binder_4
root      149   1     462048 41524 20    0     0     0         ffffffff 401aac98 S zygote
root      16091 149   462048 41524 20    0     0     0         c00ca430 401abc84 S ReferenceQueueD
root      16092 149   462048 41524 20    0     0     0         c00ca430 401abc84 S FinalizerDaemon
root      16093 149   462048 41524 20    0     0     0         c00ca430 401abc84 S FinalizerWatchd
drm       150   1     12236  3260  20    0     0     0     fg  ffffffff 4021bb74 S /system/bin/drmserver
drm       334   150   12236  3260  20    0     0     0     fg  c050d918 4021bb74 S Binder_1
drm       15131 150   12236  3260  20    0     0     0     fg  c050d918 4021bb74 S Binder_2
media     151   1     37912  8188  20    0     0     0     fg  ffffffff 401c2b74 S /system/bin/mediaserver
media     404   151   37912  8188  4     -16   0     0         c00ca430 ffff0520 S AudioCommand
media     405   151   37912  8188  4     -16   0     0         c00ca430 ffff0520 S ApmCommand
media     408   151   37912  8188  1     -19   0     0         c00ca430 401c3c84 S AudioOut_2
media     409   151   37912  8188  1     -19   0     0         c0324a88 401c293c S AudioOut_2
media     417   151   37912  8188  20    0     0     0     fg  c050d918 401c2b74 S Binder_1
media     1055  151   37912  8188  20    0     0     0     fg  c050d918 401c2b74 S Binder_2
bluetooth 152   1     1444   860   20    0     0     0         c01574cc ffff0520 S /system/bin/dbus-daemon
root      153   1     2364   716   20    0     0     0         ffffffff 4014193c S /system/bin/installd
root      232   153   2364   716   20    0     0     0         c01574cc 40142ac8 S installd
keystore  154   1     1864   868   20    0     0     0         c0565930 402c2604 S /system/bin/keystore
system    155   1     18132  4736  20    0     0     0     fg  ffffffff 402a6b74 S /system/bin/fmradioserver
system    384   155   18132  4736  20    0     0     0     fg  c050d918 402a6b74 S Binder_1
gps       158   1     4564   804   20    0     0     0         ffffffff 4022993c S /system/bin/wiperiface
gps       604   158   4564   804   20    0     0     0         c01574cc ffff0520 S wiperiface
gps       1484  158   4564   804   20    0     0     0         c00ca430 4022ac84 S wiperiface
gps       1487  158   4564   804   20    0     0     0         c00ca430 4022ac84 S wiperiface
system    160   1     2012   460   20    0     0     0         ffffffff 401df534 S /system/bin/mm-pp-daemon
system    206   160   2012   460   20    0     0     0         c0565930 401df604 S mm-pp-daemon
camera    161   1     3860   1064  20    0     0     0         c01574cc ffff0520 S /system/bin/mm-qcamera-daemon
root      162   1     12012  1296  0     -20   0     0         ffffffff 4026fc84 S /system/bin/thermald
root      246   162   12012  1296  0     -20   0     0         c01574cc 4026fac8 S thermald
root      247   162   12012  1296  0     -20   0     0         c0324a88 4026e93c S thermald
root      553   162   12012  1296  0     -20   0     0         c00ca430 4026fc84 S thermald
root      558   162   12012  1296  0     -20   0     0         c01574cc ffff0520 S thermald
root      561   162   12012  1296  0     -20   0     0         c01574cc ffff0520 S thermald
root      562   162   12012  1296  0     -20   0     0         c00ca430 4026fc84 S thermald
root      1321  162   12012  1296  0     -20   0     0         c01574cc ffff0520 S thermald
root      1322  162   12012  1296  0     -20   0     0         c00ca430 4026fc84 S thermald
system    163   1     1872   556   20    0     0     0         c0083f6c 401928f0 S /system/bin/qseecomd
nobody    174   1     7068   412   20    0     0     0         ffffffff 40164b74 S /system/bin/rmt_storage
nobody    565   174   7068   412   20    0     0     0         c00ca430 40165c84 S rmt_storage
nobody    566   174   7068   412   20    0     0     0         c00ca430 40165c84 S rmt_storage
nobody    567   174   7068   412   20    0     0     0         c00ca430 40165c84 S rmt_storage
system    175   1     8908   1276  20    0     0     0         ffffffff 400fd604 S /system/bin/time_daemon
system    251   175   8908   1276  20    0     0     0         c0324a88 400fc93c S time_daemon
system    552   175   8908   1276  20    0     0     0         c00ca430 400fdc84 S time_daemon
system    559   175   8908   1276  20    0     0     0         c01574cc ffff0520 S time_daemon
system    560   175   8908   1276  20    0     0     0         c01574cc ffff0520 S time_daemon
system    563   175   8908   1276  20    0     0     0         c00ca430 400fdc84 S time_daemon
shell     176   1     4520   244   20    0     0     0         ffffffff 00016138 S /sbin/adbd
shell     200   176   4520   244   20    0     0     0         c00ca430 000212cc S adbd
shell     15063 176   4520   244   20    0     0     0         00000000 000160a4 R adbd
shell     15064 176   4520   244   20    0     0     0         c03ed208 00016088 S adbd
shell     16131 176   4520   244   20    0     0     0         c0083f6c 000211d0 S adbd
root      178   1     6056   344   20    0     0     0         ffffffff 000580ac S /sbin/mdbd
root      187   178   6056   344   20    0     0     0         c0398b78 00057f8c S mdbd
root      188   178   6056   344   20    0     0     0         c00ca430 00058474 S mdbd
root      15062 178   6056   344   20    0     0     0         c0624688 00057f8c S mdbd
root      15068 178   6056   344   20    0     0     0         c0624688 00057f8c S mdbd
root      15069 178   6056   344   20    0     0     0         c03ece10 00057f8c S mdbd
radio     196   1     11232  768   20    0     0     0         ffffffff 40200c98 S /system/bin/qmuxd
radio     259   196   11232  768   20    0     0     0         c0324a88 4020093c S qmuxd
radio     659   196   11232  768   20    0     0     0         c01574cc 40201ac8 S qmuxd
radio     660   196   11232  768   20    0     0     0         c01574cc ffff0520 S qmuxd
radio     661   196   11232  768   20    0     0     0         c01574cc ffff0520 S qmuxd
radio     662   196   11232  768   20    0     0     0         c01574cc ffff0520 S qmuxd
radio     663   196   11232  768   20    0     0     0         c01574cc ffff0520 S qmuxd
radio     664   196   11232  768   20    0     0     0         c01574cc ffff0520 S qmuxd
radio     665   196   11232  768   20    0     0     0         c01574cc ffff0520 S qmuxd
radio     666   196   11232  768   20    0     0     0         c01574cc ffff0520 S qmuxd
radio     204   1     7296   968   20    0     0     0         ffffffff 40279c84 S /system/bin/netmgrd
radio     268   204   7296   968   20    0     0     0         c0324a88 4027893c S netmgrd
radio     608   204   7296   968   20    0     0     0         c00ca430 40279c84 S netmgrd
radio     668   204   7296   968   20    0     0     0         c01574cc 40278c98 S netmgrd
radio     672   204   7296   968   20    0     0     0         c01574cc 40278c98 S netmgrd
radio     673   204   7296   968   20    0     0     0         c01574cc 40278c98 S netmgrd
system    233   163   1884   532   20    0     0     0         c0095608 40192290 S /system/bin/qseecomd
system    234   153   20156  4780  20    0     0     0     fg  ffffffff 40120b74 S /system/xbin/shelld
system    383   234   20156  4780  20    0     0     0     fg  c050d918 40120b74 S Binder_1
system    740   234   20156  4780  20    0     0     0     fg  c050d918 40120b74 S Binder_2
system    7119  234   20156  4780  20    0     0     0     fg  c050d918 40120b74 S Binder_3
root      240   2     0      0     20    0     0     0         c0170e8c 00000000 S flush-179:0
root      242   1     4596   848   20    0     0     0     fg  ffffffff 4014ab74 S lbesec.loader
root      243   242   4596   848   20    0     0     0     fg  c050d918 4014ab74 S Binder_1
root      1272  242   4596   848   20    0     0     0     fg  c050d918 4014ab74 S Binder_2
root      550   2     0      0     0     -20   0     0         c009d248 00000000 S rpcrotuer_smd_x
root      551   2     0      0     20    0     0     0         c003b690 00000000 S krpcserversd
root      554   2     0      0     20    0     0     0         c003959c 00000000 D krmt_storagecln
root      555   2     0      0     20    0     0     0         c003c83c 00000000 D krmt_storagecln
system    644   149   581868 63992 20    0     0     0     fg  ffffffff 401aab74 S system_server
system    646   644   581868 63992 20    0     0     0     fg  c00ca430 401abc84 S GC
system    648   644   581868 63992 20    0     0     0     fg  c0094a24 401ab534 S Signal Catcher
system    650   644   581868 63992 20    0     0     0     fg  c00ca430 401abc84 S Compiler
system    651   644   581868 63992 20    0     0     0     fg  c00ca430 401abc84 S ReferenceQueueD
system    652   644   581868 63992 20    0     0     0     fg  c00ca430 401abc84 S FinalizerDaemon
system    653   644   581868 63992 20    0     0     0     fg  c00ca430 401abc84 S FinalizerWatchd
system    654   644   581868 63992 20    0     0     0     fg  c050d918 401aab74 S Binder_1
system    655   644   581868 63992 20    0     0     0     fg  c050d918 401aab74 S Binder_2
system    679   644   581868 63992 12    -8    0     0     fg  c01574cc 401abac8 S SensorService
system    680   644   581868 63992 18    -2    0     0     fg  c018ac8c 401aba50 S er.ServerThread
system    681   644   581868 63992 18    -2    0     0     fg  c018ac8c 401aba50 S ActivityManager
system    683   644   581868 63992 20    0     0     0     fg  c00ca430 401abc84 S ProcessStats
system    684   644   581868 63992 30    10    0     0     bg  c018ac8c 401aba50 S PackageManager
system    685   644   581868 63992 20    0     0     0     fg  c0188728 401aa93c S FileObserver
system    699   644   581868 63992 20    0     0     0     fg  c018ac8c 401aba50 S AccountManagerS
system    701   644   581868 63992 30    10    0     0     bg  c018ac8c 401aba50 S PackageMonitor
system    702   644   581868 63992 20    0     0     0     fg  c01574cc 401abac8 S UEventObserver
system    703   644   581868 63992 16    -4    0     0     fg  c018ac8c 401aba50 S mScreenBrightne
system    704   644   581868 63992 20    0     0     0     fg  c018ac8c 401aba50 S PowerManagerSer
system    705   644   581868 63992 20    0     0     0     fg  c0443444 401aab74 S AlarmManager
system    706   644   581868 63992 16    -4    0     0     fg  c018ac8c 401aba50 S WindowManager
system    707   644   581868 63992 18    -2    0     0     fg  c018ac8c 401aba50 S WindowManagerPo
system    710   644   581868 63992 20    0     0     0     fg  c00ca430 401abc84 S SoundPool
system    711   644   581868 63992 20    0     0     0     fg  c00ca430 401abc84 S SoundPoolThread
system    713   644   581868 63992 12    -8    0     0     fg  c018ac8c 401aba50 S er$SensorThread
system    714   644   581868 63992 12    -8    0     0     fg  c018ac8c 401aba50 S InputDispatcher
system    715   644   581868 63992 12    -8    0     0     fg  c018ac8c 401aba50 S InputReader
system    716   644   581868 63992 20    0     0     0     fg  c018ac8c 401aba50 S BluetoothProfil
system    717   644   581868 63992 20    0     0     0     fg  c018ac8c 401aba50 S BluetoothProfil
system    718   644   581868 63992 20    0     0     0     fg  c018ac8c 401aba50 S BluetoothProfil
system    719   644   581868 63992 20    0     0     0     fg  c018ac8c 401aba50 S BluetoothAdapte
system    724   644   581868 63992 20    0     0     0     fg  c018ac8c 401aba50 S MountService
system    725   644   581868 63992 20    0     0     0     fg  c0624688 401ab73c S VoldConnector
system    726   644   581868 63992 20    0     0     0     fg  c0624688 401ab73c S NetdConnector
system    727   644   581868 63992 20    0     0     0     fg  c018ac8c 401aba50 S CallbackHandler
system    728   644   581868 63992 20    0     0     0     fg  c018ac8c 401aba50 S CallbackHandler
system    730   644   581868 63992 20    0     0     0     fg  c018ac8c 401aba50 S NetworkStats
system    731   644   581868 63992 20    0     0     0     fg  c018ac8c 401aba50 S NetworkPolicy
system    736   644   581868 63992 20    0     0     0     fg  c018ac8c 401aba50 S WifiP2pService
system    737   644   581868 63992 20    0     0     0     fg  c018ac8c 401aba50 S WifiStateMachin
system    738   644   581868 63992 20    0     0     0     fg  c018ac8c 401aba50 S WifiService
system    744   644   581868 63992 20    0     0     0     fg  c018ac8c 401aba50 S ConnectivitySer
system    745   644   581868 63992 20    0     0     0     fg  c018ac8c 401aba50 S Tethering
system    747   644   581868 63992 20    0     0     0     fg  c018ac8c 401aba50 S WifiWatchdogSta
system    748   644   581868 63992 20    0     0     0     fg  c018ac8c 401aba50 S NsdService
system    754   644   581868 63992 20    0     0     0     fg  c0624688 401ab73c S mDnsConnector
system    755   644   581868 63992 20    0     0     0     fg  c018ac8c 401aba50 S CallbackHandler
system    756   644   581868 63992 30    10    0     0     bg  c018ac8c 401aba50 S SyncHandlerThre
system    757   644   581868 63992 20    0     0     0     fg  c018ac8c 401aba50 S AudioService
system    758   644   581868 63992 30    10    0     0     bg  c018ac8c 401aba50 S UsbDeviceManage
system    759   644   581868 63992 20    0     0     0     fg  c018ac8c 401aba50 S MdbDebuggingMan
system    760   644   581868 63992 20    0     0     0     fg  c018ac8c 401aba50 S MdbAppMsgProThr
system    761   644   581868 63992 20    0     0     0     fg  c018ac8c 401aba50 S UsbDebuggingHan
system    762   644   581868 63992 20    0     0     0     fg  c018ac8c 401aba50 S SecurityManager
system    763   644   581868 63992 30    10    0     0     bg  c018ac8c 401aba50 S backup
system    771   644   581868 63992 20    0     0     0     fg  c00ca430 401abc84 S Thread-66
system    772   644   581868 63992 12    -8    0     0     fg  c018ac8c 401aba50 S CTSA Inject Thr
system    821   644   581868 63992 20    0     0     0     fg  c00ca430 401abc84 S watchdog
system    840   644   581868 63992 30    10    0     0     bg  c018ac8c 401aba50 S LocationManager
system    842   644   581868 63992 30    10    0     0     bg  c018ac8c 401aba50 S CountryDetector
system    843   644   581868 63992 20    0     0     0     fg  c018ac8c 401aba50 S ThrottleService
system    844   644   581868 63992 20    0     0     0     fg  c018ac8c 401aba50 S NetworkTimeUpda
system    872   644   581868 63992 20    0     0     0     fg  c050d918 401aab74 S Binder_3
system    873   644   581868 63992 20    0     0     0     fg  c050d918 401aab74 S Binder_4
system    881   644   581868 63992 20    0     0     0     fg  c050d918 401aab74 S Binder_5
system    882   644   581868 63992 20    0     0     0     fg  c050d918 401aab74 S Binder_6
system    906   644   581868 63992 20    0     0     0     fg  c050d918 401aab74 S Binder_7
system    907   644   581868 63992 20    0     0     0     fg  c050d918 401aab74 S Binder_8
system    943   644   581868 63992 20    0     0     0     fg  c01574cc 401abac8 S WifiMonitor
system    964   644   581868 63992 30    10    0     0     bg  c018ac8c 401aba50 S GpsLocationProv
system    985   644   581868 63992 20    0     0     0     fg  c00ca430 401abc84 S loc_eng
system    986   644   581868 63992 30    10    0     0     bg  c01574cc 401abac8 S GpsLocationProv
system    987   644   581868 63992 20    0     0     0     fg  c014dd0c 401aa93c S loc_eng_dmn_con
system    989   644   581868 63992 30    10    0     0     bg  c00ca430 401abc84 S GpsLocationProv
system    1204  644   581868 63992 20    0     0     0     fg  c018ac8c 401aba50 S SyncHandler-0
system    1216  644   581868 63992 20    0     0     0     fg  c00ca430 401abc84 S SoundPool
system    1217  644   581868 63992 20    0     0     0     fg  c00ca430 401abc84 S SoundPoolThread
system    1249  644   581868 63992 20    0     0     0     fg  c0624688 401ab73c S Thread-91
system    1255  644   581868 63992 20    0     0     0     fg  c0624688 401ab73c S Thread-92
system    1476  644   581868 63992 20    0     0     0     fg  c00ca430 401abc84 S pool-1-thread-1
system    2670  644   581868 63992 16    -4    0     0     fg  c00ca430 401abc84 S WindowManager
system    5713  644   581868 63992 20    0     0     0     fg  c018ac8c 401aba50 S UpdateMagnifier
system    7581  644   581868 63992 20    0     0     0     fg  c050d918 401aab74 S Binder_9
system    9946  644   581868 63992 20    0     0     0     fg  c050d918 401aab74 S Binder_A
system    11727 644   581868 63992 20    0     0     0     fg  c050d918 401aab74 S Binder_B
system    11826 644   581868 63992 20    0     0     0     fg  c050d918 401aab74 S Binder_C
system    12584 644   581868 63992 20    0     0     0     fg  c018ac8c 401aba50 S DhcpStateMachin
system    14631 644   581868 63992 20    0     0     0     fg  c050d918 401aab74 S Binder_D
system    15099 644   581868 63992 20    0     0     0     fg  c00ca430 401abc84 S Timer-11
system    15186 644   581868 63992 4     -16   0     0     fg  c00ca430 401abc84 S AudioTrack
root      767   2     0      0     20    0     0     0         c00a815c 00000000 S dhd_cfg80211_ev
root      768   2     0      0     -98   0     97    1         c00a815c 00000000 S dhd_watchdog
root      769   2     0      0     -99   0     98    1         c00a815c 00000000 S dhd_dpc
root      770   2     0      0     20    0     0     0         c00a815c 00000000 S dhd_sysioc
log       774   1     788    356   20    0     0     0         c0313740 4026193c S /system/bin/logwrapper
wifi      775   774   2716   1556  20    0     0     0         c01574cc 401b8c98 S /system/bin/wpa_supplicant
system    776   149   507388 69876 20    0     0     0     fg  ffffffff 401aba50 S com.android.systemui
system    782   776   507388 69876 20    0     0     0     fg  c00ca430 401abc84 S GC
system    784   776   507388 69876 20    0     0     0     fg  c0094a24 401ab534 S Signal Catcher
system    786   776   507388 69876 20    0     0     0     fg  c00ca430 401abc84 S Compiler
system    788   776   507388 69876 20    0     0     0     fg  c00ca430 401abc84 S ReferenceQueueD
system    790   776   507388 69876 20    0     0     0     fg  c00ca430 401abc84 S FinalizerDaemon
system    792   776   507388 69876 20    0     0     0     fg  c00ca430 401abc84 S FinalizerWatchd
system    796   776   507388 69876 20    0     0     0     fg  c050d918 401aab74 S Binder_1
system    798   776   507388 69876 20    0     0     0     fg  c050d918 401aab74 S Binder_2
system    834   776   507388 69876 20    0     0     0     fg  c0188728 401aa93c S FileObserver
system    925   776   507388 69876 20    0     0     0     fg  c018ac8c 401aba50 S SystemUI Storag
system    1140  776   507388 69876 20    0     0     0     fg  c00ca430 401abc84 S MAML RenderThre
system    1199  776   507388 69876 20    0     0     0     fg  c00ca430 401abc84 S pool-1-thread-1
system    1245  776   507388 69876 20    0     0     0     fg  c050d918 401aab74 S Binder_3
system    8165  776   507388 69876 10    -10   0     0     fg  c00ca430 401abc84 S GL updater
system    13319 776   507388 69876 20    0     0     0     fg  c050d918 401aab74 S Binder_4
system    13827 776   507388 69876 20    0     0     0     fg  c050d918 401aab74 S Binder_5
u0_a16    822   149   511072 54032 20    0     0     0     bg  ffffffff 401aba50 S android.process.media
u0_a16    825   822   511072 54032 20    0     0     0     bg  c00ca430 401abc84 S GC
u0_a16    827   822   511072 54032 20    0     0     0     bg  c0094a24 401ab534 S Signal Catcher
u0_a16    828   822   511072 54032 20    0     0     0     bg  c00ca430 401abc84 S Compiler
u0_a16    829   822   511072 54032 20    0     0     0     bg  c00ca430 401abc84 S ReferenceQueueD
u0_a16    830   822   511072 54032 20    0     0     0     bg  c00ca430 401abc84 S FinalizerDaemon
u0_a16    831   822   511072 54032 20    0     0     0     bg  c00ca430 401abc84 S FinalizerWatchd
u0_a16    832   822   511072 54032 20    0     0     0     bg  c050d918 401aab74 S Binder_1
u0_a16    833   822   511072 54032 20    0     0     0     bg  c050d918 401aab74 S Binder_2
u0_a16    835   822   511072 54032 30    10    0     0     bg  c018ac8c 401aba50 S thumbs thread
u0_a16    966   822   511072 54032 20    0     0     0     bg  c018ac8c 401aba50 S CDNQueryEngine
u0_a16    1025  822   511072 54032 30    10    0     0     bg  c00ca430 401abc84 S Thread-29
u0_a16    1028  822   511072 54032 30    10    0     0     bg  c00ca430 401abc84 S Thread-30
u0_a16    1030  822   511072 54032 30    10    0     0     bg  c00ca430 401abc84 S Thread-31
u0_a16    1037  822   511072 54032 30    10    0     0     bg  c00ca430 401abc84 S Thread-32
u0_a16    1045  822   511072 54032 30    10    0     0     bg  c00ca430 401abc84 S Thread-33
u0_a16    1482  822   511072 54032 20    0     0     0     bg  c050d918 401aab74 S Binder_3
u0_a16    8019  822   511072 54032 20    0     0     0     bg  c00ca430 401abc84 S MessageHandleTh
u0_a16    13744 822   511072 54032 20    0     0     0     bg  c050d918 401aab74 S Binder_4
u0_a16    13745 822   511072 54032 20    0     0     0     bg  c050d918 401aab74 S Binder_5
u0_a56    836   149   492644 55972 20    0     0     0     fg  ffffffff 401aba50 S com.baidu.input_mi
u0_a56    841   836   492644 55972 20    0     0     0     fg  c00ca430 401abc84 S GC
u0_a56    845   836   492644 55972 20    0     0     0     fg  c0094a24 401ab534 S Signal Catcher
u0_a56    849   836   492644 55972 20    0     0     0     fg  c00ca430 401abc84 S Compiler
u0_a56    851   836   492644 55972 20    0     0     0     fg  c00ca430 401abc84 S ReferenceQueueD
u0_a56    853   836   492644 55972 20    0     0     0     fg  c00ca430 401abc84 S FinalizerDaemon
u0_a56    855   836   492644 55972 20    0     0     0     fg  c00ca430 401abc84 S FinalizerWatchd
u0_a56    867   836   492644 55972 20    0     0     0     fg  c050d918 401aab74 S Binder_1
u0_a56    870   836   492644 55972 20    0     0     0     fg  c050d918 401aab74 S Binder_2
u0_a56    1202  836   492644 55972 20    0     0     0     fg  c00ca430 401abc84 S .ProcessManager
u0_a56    1247  836   492644 55972 20    0     0     0     fg  c050d918 401aab74 S Binder_3
radio     846   149   494972 42676 20    0     0     0     fg  ffffffff 401aba50 S com.android.phone
radio     850   846   494972 42676 20    0     0     0     fg  c00ca430 401abc84 S GC
radio     854   846   494972 42676 20    0     0     0     fg  c0094a24 401ab534 S Signal Catcher
radio     857   846   494972 42676 20    0     0     0     fg  c00ca430 401abc84 S Compiler
radio     858   846   494972 42676 20    0     0     0     fg  c00ca430 401abc84 S ReferenceQueueD
radio     859   846   494972 42676 20    0     0     0     fg  c00ca430 401abc84 S FinalizerDaemon
radio     871   846   494972 42676 20    0     0     0     fg  c00ca430 401abc84 S FinalizerWatchd
radio     874   846   494972 42676 20    0     0     0     fg  c050d918 401aab74 S Binder_1
radio     875   846   494972 42676 20    0     0     0     fg  c050d918 401aab74 S Binder_2
radio     991   846   494972 42676 20    0     0     0     fg  c018ac8c 401aba50 S RILSender
radio     993   846   494972 42676 20    0     0     0     fg  c0624688 401ab73c S RILReceiver
radio     1035  846   494972 42676 20    0     0     0     fg  c018ac8c 401aba50 S AsyncQueryWorke
radio     1043  846   494972 42676 20    0     0     0     fg  c018ac8c 401aba50 S BluetoothHandsf
radio     1049  846   494972 42676 30    10    0     0     bg  c00ca430 401abc84 S AsyncTask #1
radio     1056  846   494972 42676 4     -16   0     0     fg  c00ca430 401abc84 S AudioTrack
radio     1090  846   494972 42676 20    0     0     0     fg  c050d918 401aab74 S Binder_3
radio     1109  846   494972 42676 20    0     0     0     fg  c050d918 401aab74 S Binder_4
radio     1128  846   494972 42676 20    0     0     0     fg  c018ac8c 401aba50 S ervice.Executor
radio     1143  846   494972 42676 20    0     0     0     fg  c018ac8c 401aba50 S Cat Telephony s
radio     1145  846   494972 42676 20    0     0     0     fg  c018ac8c 401aba50 S RilMessageDecod
radio     1710  846   494972 42676 20    0     0     0     fg  c018ac8c 401aba50 S ServiceHandler0
radio     1781  846   494972 42676 39    19    0     0     bg  c018ac8c 401aba50 S MakeMmsPreviewS
radio     7479  846   494972 42676 20    0     0     0     fg  c050d918 401aab74 S Binder_5
radio     7481  846   494972 42676 20    0     0     0     fg  c050d918 401aab74 S Binder_6
radio     7498  846   494972 42676 20    0     0     0     fg  c050d918 401aab74 S Binder_7
radio     11203 846   494972 42676 30    10    0     0     bg  c00ca430 401abc84 S AsyncTask #2
radio     13646 846   494972 42676 30    10    0     0     bg  c00ca430 401abc84 S AsyncTask #3
radio     14618 846   494972 42676 20    0     0     0     fg  c050d918 401aab74 S Binder_8
u0_a24    861   149   470236 35864 20    0     0     0     fg  ffffffff 401aba50 S com.lbe.security.miui
u0_a24    864   861   470236 35864 20    0     0     0     fg  c00ca430 401abc84 S GC
u0_a24    865   861   470236 35864 20    0     0     0     fg  c0094a24 401ab534 S Signal Catcher
u0_a24    866   861   470236 35864 20    0     0     0     fg  c00ca430 401abc84 S Compiler
u0_a24    876   861   470236 35864 20    0     0     0     fg  c00ca430 401abc84 S ReferenceQueueD
u0_a24    877   861   470236 35864 20    0     0     0     fg  c00ca430 401abc84 S FinalizerDaemon
u0_a24    878   861   470236 35864 20    0     0     0     fg  c00ca430 401abc84 S FinalizerWatchd
u0_a24    879   861   470236 35864 20    0     0     0     fg  c050d918 401aab74 S Binder_1
u0_a24    880   861   470236 35864 20    0     0     0     fg  c050d918 401aab74 S Binder_2
u0_a15    883   149   510568 62856 20    0     0     0     fg  ffffffff 401aba50 S com.android.deskclock
u0_a15    886   883   510568 62856 20    0     0     0     fg  c00ca430 401abc84 S GC
u0_a15    888   883   510568 62856 20    0     0     0     fg  c0094a24 401ab534 S Signal Catcher
u0_a15    889   883   510568 62856 20    0     0     0     fg  c00ca430 401abc84 S Compiler
u0_a15    890   883   510568 62856 20    0     0     0     fg  c00ca430 401abc84 S ReferenceQueueD
u0_a15    891   883   510568 62856 20    0     0     0     fg  c00ca430 401abc84 S FinalizerDaemon
u0_a15    892   883   510568 62856 20    0     0     0     fg  c00ca430 401abc84 S FinalizerWatchd
u0_a15    893   883   510568 62856 20    0     0     0     fg  c050d918 401aab74 S Binder_1
u0_a15    894   883   510568 62856 20    0     0     0     fg  c050d918 401aab74 S Binder_2
u0_a15    1546  883   510568 62856 20    0     0     0     fg  c018ac8c 401aba50 S AsyncHandler
u0_a15    1548  883   510568 62856 20    0     0     0     fg  c00ca430 401abc84 S pool-1-thread-1
u0_a15    8243  883   510568 62856 20    0     0     0     fg  c00ca430 401abc84 S SoundPool
u0_a15    8244  883   510568 62856 20    0     0     0     fg  c00ca430 401abc84 S SoundPoolThread
u0_a15    8249  883   510568 62856 20    0     0     0     fg  c00ca430 401abc84 S SoundPool
u0_a15    8250  883   510568 62856 20    0     0     0     fg  c00ca430 401abc84 S SoundPoolThread
u0_a15    8251  883   510568 62856 20    0     0     0     fg  c00ca430 401abc84 S SoundPool
u0_a15    8252  883   510568 62856 20    0     0     0     fg  c00ca430 401abc84 S SoundPoolThread
u0_a51    895   149   480840 43016 20    0     0     0     fg  ffffffff 401aba50 S com.xiaomi.xmsf
u0_a51    897   895   480840 43016 20    0     0     0     fg  c00ca430 401abc84 S GC
u0_a51    899   895   480840 43016 20    0     0     0     fg  c0094a24 401ab534 S Signal Catcher
u0_a51    901   895   480840 43016 20    0     0     0     fg  c00ca430 401abc84 S Compiler
u0_a51    902   895   480840 43016 20    0     0     0     fg  c00ca430 401abc84 S ReferenceQueueD
u0_a51    903   895   480840 43016 20    0     0     0     fg  c00ca430 401abc84 S FinalizerDaemon
u0_a51    904   895   480840 43016 20    0     0     0     fg  c00ca430 401abc84 S FinalizerWatchd
u0_a51    905   895   480840 43016 20    0     0     0     fg  c050d918 401aab74 S Binder_1
u0_a51    908   895   480840 43016 20    0     0     0     fg  c050d918 401aab74 S Binder_2
u0_a51    1327  895   480840 43016 20    0     0     0     fg  c018ac8c 401aba50 S WorkHandlerThre
u0_a51    1328  895   480840 43016 20    0     0     0     fg  c018ac8c 401aba50 S Thread-38
u0_a51    1765  895   480840 43016 20    0     0     0     fg  c018ac8c 401aba50 S QueryHandlerThr
u0_a51    7456  895   480840 43016 20    0     0     0     fg  c00ca430 401abc84 S Upload Http Rec
u0_a51    7457  895   480840 43016 20    0     0     0     fg  c018ac8c 401aba50 S Connection Cont
u0_a51    7787  895   480840 43016 20    0     0     0     fg  c050d918 401aab74 S Binder_3
u0_a51    8420  895   480840 43016 20    0     0     0     fg  c00ca430 401abc84 S pool-2-thread-1
u0_a51    8787  895   480840 43016 20    0     0     0     fg  c00ca430 401abc84 S PackageProcesso
u0_a51    14972 895   480840 43016 20    0     0     0     fg  c055ccfc 401ab694 S Smack Packet Re
u0_a32    909   149   522184 66964 20    0     0     0     fg  ffffffff 401aba50 S com.miui.home
u0_a32    911   909   522184 66964 20    0     0     0     fg  c00ca430 401abc84 S GC
u0_a32    913   909   522184 66964 20    0     0     0     fg  c0094a24 401ab534 S Signal Catcher
u0_a32    915   909   522184 66964 20    0     0     0     fg  c00ca430 401abc84 S Compiler
u0_a32    916   909   522184 66964 20    0     0     0     fg  c00ca430 401abc84 S ReferenceQueueD
u0_a32    917   909   522184 66964 20    0     0     0     fg  c00ca430 401abc84 S FinalizerDaemon
u0_a32    918   909   522184 66964 20    0     0     0     fg  c00ca430 401abc84 S FinalizerWatchd
u0_a32    919   909   522184 66964 20    0     0     0     fg  c050d918 401aab74 S Binder_1
u0_a32    924   909   522184 66964 20    0     0     0     fg  c050d918 401aab74 S Binder_2
u0_a32    967   909   522184 66964 20    0     0     0     fg  c018ac8c 401aba50 S launcher-loader
u0_a32    970   909   522184 66964 20    0     0     0     fg  c018ac8c 401aba50 S ProgressThread
u0_a32    1146  909   522184 66964 20    0     0     0     fg  c0188728 401aa93c S FileObserver
u0_a32    1308  909   522184 66964 20    0     0     0     fg  c00ca430 401abc84 S MAML RenderThre
u0_a32    1333  909   522184 66964 20    0     0     0     fg  c018ac8c 401aba50 S AsyncQueryWorke
u0_a32    1334  909   522184 66964 30    10    0     0     bg  c00ca430 401abc84 S AsyncTask #1
u0_a32    1362  909   522184 66964 30    10    0     0     bg  c00ca430 401abc84 S AsyncTask #2
u0_a32    1363  909   522184 66964 30    10    0     0     bg  c00ca430 401abc84 S AsyncTask #3
u0_a32    2403  909   522184 66964 20    0     0     0     fg  c050d918 401aab74 S Binder_3
u0_a32    5710  909   522184 66964 30    10    0     0     bg  c00ca430 401abc84 S AsyncTask #4
u0_a32    8383  909   522184 66964 30    10    0     0     bg  c00ca430 401abc84 S AsyncTask #5
u0_a32    8586  909   522184 66964 20    0     0     0     fg  c00ca430 401abc84 S pool-1-thread-1
u0_a32    15195 909   522184 66964 10    -10   0     0     fg  c00ca430 401abc84 S GL updater
system    927   149   542472 92544 20    0     0     0     fg  ffffffff 401aba50 S com.android.settings
system    929   927   542472 92544 20    0     0     0     fg  c00ca430 401abc84 S GC
system    933   927   542472 92544 20    0     0     0     fg  c0094a24 401ab534 S Signal Catcher
system    937   927   542472 92544 20    0     0     0     fg  c00ca430 401abc84 S Compiler
system    940   927   542472 92544 20    0     0     0     fg  c00ca430 401abc84 S ReferenceQueueD
system    944   927   542472 92544 20    0     0     0     fg  c00ca430 401abc84 S FinalizerDaemon
system    948   927   542472 92544 20    0     0     0     fg  c00ca430 401abc84 S FinalizerWatchd
system    953   927   542472 92544 20    0     0     0     fg  c050d918 401aab74 S Binder_1
system    956   927   542472 92544 20    0     0     0     fg  c050d918 401aab74 S Binder_2
system    1288  927   542472 92544 20    0     0     0     fg  c018ac8c 401aba50 S WorkHandlerThre
system    6575  927   542472 92544 20    0     0     0     fg  c050d918 401aab74 S Binder_3
system    7361  927   542472 92544 20    0     0     0     fg  c00ca430 401abc84 S pool-1-thread-1
system    7506  927   542472 92544 20    0     0     0     fg  c018ac8c 401aba50 S WebViewCoreThre
system    7508  927   542472 92544 30    10    0     0     bg  c018ac8c 401aba50 S CookieSyncManag
system    7509  927   542472 92544 30    10    0     0     bg  c00ca430 401abc84 S AsyncTask #1
system    7510  927   542472 92544 20    0     0     0     fg  c018ac8c 401aba50 S WebViewCoreThre
system    7511  927   542472 92544 20    0     0     0     fg  c00ca430 401abc84 S SignalSender
system    7519  927   542472 92544 20    0     0     0     fg  c018ac8c 401aba50 S WebViewCoreThre
system    7520  927   542472 92544 20    0     0     0     fg  c0324a88 401aa93c S WebViewCoreThre
system    7545  927   542472 92544 20    0     0     0     fg  c00ca430 401abc84 S WebViewCoreThre
system    7868  927   542472 92544 20    0     0     0     fg  c00ca430 401abc84 S TexturesGenerat
system    8617  927   542472 92544 20    0     0     0     fg  c0188728 401aa93c S FileObserver
system    12693 927   542472 92544 20    0     0     0     fg  c050d918 401aab74 S Binder_4
u0_a24    945   149   493568 53400 20    0     0     0     fg  ffffffff 401aba50 S com.lbe.security.miui:service
u0_a24    947   945   493568 53400 20    0     0     0     fg  c00ca430 401abc84 S GC
u0_a24    950   945   493568 53400 20    0     0     0     fg  c0094a24 401ab534 S Signal Catcher
u0_a24    951   945   493568 53400 20    0     0     0     fg  c00ca430 401abc84 S Compiler
u0_a24    954   945   493568 53400 20    0     0     0     fg  c00ca430 401abc84 S ReferenceQueueD
u0_a24    955   945   493568 53400 20    0     0     0     fg  c00ca430 401abc84 S FinalizerDaemon
u0_a24    957   945   493568 53400 20    0     0     0     fg  c00ca430 401abc84 S FinalizerWatchd
u0_a24    958   945   493568 53400 20    0     0     0     fg  c050d918 401aab74 S Binder_1
u0_a24    959   945   493568 53400 20    0     0     0     fg  c050d918 401aab74 S Binder_2
u0_a24    1173  945   493568 53400 20    0     0     0     fg  c018ac8c 401aba50 S HIPSMonitor
u0_a24    1174  945   493568 53400 20    0     0     0     fg  c018ac8c 401aba50 S Thread-46
u0_a24    1175  945   493568 53400 20    0     0     0     fg  c018ac8c 401aba50 S Thread-47
u0_a24    1791  945   493568 53400 20    0     0     0     fg  c050d918 401aab74 S Binder_3
u0_a24    1814  945   493568 53400 20    0     0     0     fg  c050d918 401aab74 S Binder_4
u0_a24    2537  945   493568 53400 20    0     0     0     fg  c050d918 401aab74 S Binder_5
u0_a24    2538  945   493568 53400 20    0     0     0     fg  c050d918 401aab74 S Binder_6
u0_a24    2539  945   493568 53400 20    0     0     0     fg  c050d918 401aab74 S Binder_7
u0_a24    2540  945   493568 53400 20    0     0     0     fg  c050d918 401aab74 S Binder_8
u0_a24    2541  945   493568 53400 20    0     0     0     fg  c050d918 401aab74 S Binder_9
u0_a24    2542  945   493568 53400 20    0     0     0     fg  c050d918 401aab74 S Binder_A
u0_a2     972   149   472004 39684 20    0     0     0     bg  ffffffff 401aba50 S com.baidu.map.location
u0_a2     974   972   472004 39684 20    0     0     0     bg  c00ca430 401abc84 S GC
u0_a2     977   972   472004 39684 20    0     0     0     bg  c0094a24 401ab534 S Signal Catcher
u0_a2     978   972   472004 39684 20    0     0     0     bg  c00ca430 401abc84 S Compiler
u0_a2     979   972   472004 39684 20    0     0     0     bg  c00ca430 401abc84 S ReferenceQueueD
u0_a2     980   972   472004 39684 20    0     0     0     bg  c00ca430 401abc84 S FinalizerDaemon
u0_a2     981   972   472004 39684 20    0     0     0     bg  c00ca430 401abc84 S FinalizerWatchd
u0_a2     982   972   472004 39684 20    0     0     0     fg  c050d918 401aab74 S Binder_1
u0_a2     983   972   472004 39684 20    0     0     0     fg  c050d918 401aab74 S Binder_2
u0_a2     1008  972   472004 39684 30    10    0     0     bg  c018ac8c 401aba50 S BaiduNetworkLoc
u0_a2     1061  972   472004 39684 20    0     0     0     fg  c050d918 401aab74 S Binder_3
u0_a47    1009  149   469620 35248 20    0     0     0     fg  ffffffff 401aba50 S com.android.smspush
u0_a47    1016  1009  469620 35248 20    0     0     0     fg  c00ca430 401abc84 S GC
u0_a47    1018  1009  469620 35248 20    0     0     0     fg  c0094a24 401ab534 S Signal Catcher
u0_a47    1023  1009  469620 35248 20    0     0     0     fg  c00ca430 401abc84 S Compiler
u0_a47    1024  1009  469620 35248 20    0     0     0     fg  c00ca430 401abc84 S ReferenceQueueD
u0_a47    1027  1009  469620 35248 20    0     0     0     fg  c00ca430 401abc84 S FinalizerDaemon
u0_a47    1029  1009  469620 35248 20    0     0     0     fg  c00ca430 401abc84 S FinalizerWatchd
u0_a47    1031  1009  469620 35248 20    0     0     0     fg  c050d918 401aab74 S Binder_1
u0_a47    1034  1009  469620 35248 20    0     0     0     fg  c050d918 401aab74 S Binder_2
u0_a2     1017  149   470884 37976 20    0     0     0     bg  ffffffff 401aba50 S com.baidu.map.location:remote
u0_a2     1020  1017  470884 37976 20    0     0     0     bg  c00ca430 401abc84 S GC
u0_a2     1026  1017  470884 37976 20    0     0     0     bg  c0094a24 401ab534 S Signal Catcher
u0_a2     1032  1017  470884 37976 20    0     0     0     bg  c00ca430 401abc84 S Compiler
u0_a2     1033  1017  470884 37976 20    0     0     0     bg  c00ca430 401abc84 S ReferenceQueueD
u0_a2     1036  1017  470884 37976 20    0     0     0     bg  c00ca430 401abc84 S FinalizerDaemon
u0_a2     1038  1017  470884 37976 20    0     0     0     bg  c00ca430 401abc84 S FinalizerWatchd
u0_a2     1046  1017  470884 37976 20    0     0     0     fg  c050d918 401aab74 S Binder_1
u0_a2     1050  1017  470884 37976 20    0     0     0     fg  c050d918 401aab74 S Binder_2
u0_a2     1053  1017  470884 37976 20    0     0     0     fg  c050d918 401aab74 S Binder_3
u0_a0     1039  149   541420 78236 20    0     0     0     fg  ffffffff 401aba50 S android.process.acore
u0_a0     1041  1039  541420 78236 20    0     0     0     fg  c00ca430 401abc84 S GC
u0_a0     1047  1039  541420 78236 20    0     0     0     fg  c0094a24 401ab534 S Signal Catcher
u0_a0     1051  1039  541420 78236 20    0     0     0     fg  c00ca430 401abc84 S Compiler
u0_a0     1052  1039  541420 78236 20    0     0     0     fg  c00ca430 401abc84 S ReferenceQueueD
u0_a0     1054  1039  541420 78236 20    0     0     0     fg  c00ca430 401abc84 S FinalizerDaemon
u0_a0     1057  1039  541420 78236 20    0     0     0     fg  c00ca430 401abc84 S FinalizerWatchd
u0_a0     1059  1039  541420 78236 20    0     0     0     fg  c050d918 401aab74 S Binder_1
u0_a0     1060  1039  541420 78236 20    0     0     0     fg  c050d918 401aab74 S Binder_2
u0_a0     1094  1039  541420 78236 18    -2    0     0     fg  c018ac8c 401aba50 S GeoLocationMana
u0_a0     1124  1039  541420 78236 30    10    0     0     bg  c018ac8c 401aba50 S ContactsProvide
u0_a0     1133  1039  541420 78236 30    10    0     0     bg  c018ac8c 401aba50 S ApplicationsPro
u0_a0     1135  1039  541420 78236 30    10    0     0     bg  c018ac8c 401aba50 S PackageMonitor
u0_a0     1142  1039  541420 78236 20    0     0     0     fg  c050d918 401aab74 S Binder_3
u0_a0     1147  1039  541420 78236 20    0     0     0     fg  c050d918 401aab74 S Binder_4
u0_a0     1421  1039  541420 78236 30    10    0     0     bg  c00ca430 401abc84 S AsyncTask #1
u0_a0     1423  1039  541420 78236 20    0     0     0     fg  c018ac8c 401aba50 S AccountChangeLi
u0_a0     1425  1039  541420 78236 20    0     0     0     fg  c018ac8c 401aba50 S AsyncQueryWorke
u0_a0     2675  1039  541420 78236 30    10    0     0     bg  c00ca430 401abc84 S AsyncTask #2
u0_a0     2677  1039  541420 78236 20    0     0     0     fg  c00ca430 401abc84 S pool-1-thread-1
u0_a0     2678  1039  541420 78236 30    10    0     0     bg  c00ca430 401abc84 S AsyncTask #3
u0_a0     2679  1039  541420 78236 20    0     0     0     fg  c018ac8c 401aba50 S ContactPhotoLoa
u0_a0     2680  1039  541420 78236 4     -16   0     0     fg  c00ca430 401abc84 S AudioTrack
u0_a0     2682  1039  541420 78236 30    10    0     0     bg  c00ca430 401abc84 S AsyncTask #4
u0_a0     2683  1039  541420 78236 30    10    0     0     bg  c00ca430 401abc84 S AsyncTask #5
u0_a0     2693  1039  541420 78236 20    0     0     0     fg  c00ca430 401abc84 S pool-2-thread-1
u0_a0     2694  1039  541420 78236 20    0     0     0     fg  c00ca430 401abc84 S pool-2-thread-2
u0_a0     2695  1039  541420 78236 20    0     0     0     fg  c00ca430 401abc84 S pool-2-thread-3
u0_a0     2696  1039  541420 78236 20    0     0     0     fg  c00ca430 401abc84 S pool-2-thread-4
u0_a0     2697  1039  541420 78236 20    0     0     0     fg  c00ca430 401abc84 S pool-2-thread-5
system    1064  149   478360 41684 20    0     0     0     fg  ffffffff 401aba50 S com.miui.securitycenter
system    1066  1064  478360 41684 20    0     0     0     fg  c00ca430 401abc84 S GC
system    1070  1064  478360 41684 20    0     0     0     fg  c0094a24 401ab534 S Signal Catcher
system    1071  1064  478360 41684 20    0     0     0     fg  c00ca430 401abc84 S Compiler
system    1078  1064  478360 41684 20    0     0     0     fg  c00ca430 401abc84 S ReferenceQueueD
system    1080  1064  478360 41684 20    0     0     0     fg  c00ca430 401abc84 S FinalizerDaemon
system    1083  1064  478360 41684 20    0     0     0     fg  c00ca430 401abc84 S FinalizerWatchd
system    1086  1064  478360 41684 20    0     0     0     fg  c050d918 401aab74 S Binder_1
system    1087  1064  478360 41684 20    0     0     0     fg  c050d918 401aab74 S Binder_2
system    8382  1064  478360 41684 20    0     0     0     fg  c050d918 401aab74 S Binder_3
system    8419  1064  478360 41684 20    0     0     0     fg  c050d918 401aab74 S Binder_4
system    13320 1064  478360 41684 20    0     0     0     fg  c050d918 401aab74 S Binder_5
system    13321 1064  478360 41684 20    0     0     0     fg  c050d918 401aab74 S Binder_6
u0_a23    1096  149   473432 39740 20    0     0     0     fg  ffffffff 401aba50 S com.cleanmaster.sdk
u0_a23    1098  1096  473432 39740 20    0     0     0     fg  c00ca430 401abc84 S GC
u0_a23    1101  1096  473432 39740 20    0     0     0     fg  c0094a24 401ab534 S Signal Catcher
u0_a23    1102  1096  473432 39740 20    0     0     0     fg  c00ca430 401abc84 S Compiler
u0_a23    1103  1096  473432 39740 20    0     0     0     fg  c00ca430 401abc84 S ReferenceQueueD
u0_a23    1104  1096  473432 39740 20    0     0     0     fg  c00ca430 401abc84 S FinalizerDaemon
u0_a23    1105  1096  473432 39740 20    0     0     0     fg  c00ca430 401abc84 S FinalizerWatchd
u0_a23    1106  1096  473432 39740 20    0     0     0     fg  c050d918 401aab74 S Binder_1
u0_a23    1107  1096  473432 39740 20    0     0     0     fg  c050d918 401aab74 S Binder_2
u0_a23    1172  1096  473432 39740 20    0     0     0     fg  c00ca430 401abc84 S pool-1-thread-1
u0_a23    8375  1096  473432 39740 20    0     0     0     fg  c050d918 401aab74 S Binder_3
u0_a49    1148  149   478248 37560 20    0     0     0     fg  ffffffff 401aba50 S com.miui.providers.weather
u0_a49    1150  1148  478248 37560 20    0     0     0     fg  c00ca430 401abc84 S GC
u0_a49    1152  1148  478248 37560 20    0     0     0     fg  c0094a24 401ab534 S Signal Catcher
u0_a49    1153  1148  478248 37560 20    0     0     0     fg  c00ca430 401abc84 S Compiler
u0_a49    1155  1148  478248 37560 20    0     0     0     fg  c00ca430 401abc84 S ReferenceQueueD
u0_a49    1156  1148  478248 37560 20    0     0     0     fg  c00ca430 401abc84 S FinalizerDaemon
u0_a49    1157  1148  478248 37560 20    0     0     0     fg  c00ca430 401abc84 S FinalizerWatchd
u0_a49    1158  1148  478248 37560 20    0     0     0     fg  c050d918 401aab74 S Binder_1
